Archive member included to satisfy reference by file (symbol)

/opt/devkitpro/libctru/lib/libctru.a(console.o)
                              main.o (consoleInit)
/opt/devkitpro/libctru/lib/libctru.a(gfx.o)
                              /opt/devkitpro/libctru/lib/libctru.a(console.o) (gfxIsWide)
/opt/devkitpro/libctru/lib/libctru.a(apt.o)
                              main.o (aptMainLoop)
/opt/devkitpro/libctru/lib/libctru.a(gspgpu.o)
                              /opt/devkitpro/libctru/lib/libctru.a(gfx.o) (gspInit)
/opt/devkitpro/libctru/lib/libctru.a(hid.o)
                              main.o (hidScanInput)
/opt/devkitpro/libctru/lib/libctru.a(irrst.o)
                              /opt/devkitpro/libctru/lib/libctru.a(hid.o) (irrstInit)
/opt/devkitpro/libctru/lib/libctru.a(ctru_init.o)
                              /opt/devkitpro/libctru/lib/libctru.a(apt.o) (__system_retAddr)
/opt/devkitpro/libctru/lib/libctru.a(initArgv.o)
                              /opt/devkitpro/libctru/lib/libctru.a(ctru_init.o) (__system_initArgv)
/opt/devkitpro/libctru/lib/libctru.a(syscalls.o)
                              /opt/devkitpro/libctru/lib/libctru.a(ctru_init.o) (__system_initSyscalls)
/opt/devkitpro/libctru/lib/libctru.a(svc.o)
                              /opt/devkitpro/libctru/lib/libctru.a(apt.o) (svcSleepThread)
/opt/devkitpro/libctru/lib/libctru.a(stack_adjust.o)
                              /opt/devkitpro/devkitARM/bin/../lib/gcc/arm-none-eabi/14.2.0/../../../../arm-none-eabi/lib/armv6k/fpu/3dsx_crt0.o (initSystem)
/opt/devkitpro/libctru/lib/libctru.a(default_font.bin.o)
                              /opt/devkitpro/libctru/lib/libctru.a(console.o) (default_font_bin)
/opt/devkitpro/libctru/lib/libctru.a(linear.o)
                              /opt/devkitpro/libctru/lib/libctru.a(gfx.o) (linearAlloc)
/opt/devkitpro/libctru/lib/libctru.a(mem_pool.o)
                              /opt/devkitpro/libctru/lib/libctru.a(linear.o) (MemPool::Allocate(MemChunk&, unsigned long, int))
/opt/devkitpro/libctru/lib/libctru.a(vram.o)
                              /opt/devkitpro/libctru/lib/libctru.a(gfx.o) (vramAlloc)
/opt/devkitpro/libctru/lib/libctru.a(3dslink.o)
                              /opt/devkitpro/libctru/lib/libctru.a(initArgv.o) (__3dslink_host)
/opt/devkitpro/libctru/lib/libctru.a(env.o)
                              /opt/devkitpro/libctru/lib/libctru.a(irrst.o) (envGetHandle)
/opt/devkitpro/libctru/lib/libctru.a(os.o)
                              /opt/devkitpro/libctru/lib/libctru.a(syscalls.o) (osGetTime)
/opt/devkitpro/libctru/lib/libctru.a(srv.o)
                              /opt/devkitpro/libctru/lib/libctru.a(apt.o) (srvInit)
/opt/devkitpro/libctru/lib/libctru.a(synchronization.o)
                              /opt/devkitpro/libctru/lib/libctru.a(ctru_init.o) (__sync_init)
/opt/devkitpro/libctru/lib/libctru.a(thread.o)
                              /opt/devkitpro/libctru/lib/libctru.a(apt.o) (threadCreate)
/opt/devkitpro/libctru/lib/libctru.a(mappable.o)
                              /opt/devkitpro/libctru/lib/libctru.a(apt.o) (mappableAlloc)
/opt/devkitpro/libctru/lib/libctru.a(ptmsysm.o)
                              /opt/devkitpro/libctru/lib/libctru.a(os.o) (ptmSysmInit)
/opt/devkitpro/libctru/lib/libctru.a(srvpm.o)
                              /opt/devkitpro/libctru/lib/libctru.a(srv.o) (srvPmGetSessionHandle)
/opt/devkitpro/libctru/lib/libctru.a(soc_connect.o)
                              /opt/devkitpro/libctru/lib/libctru.a(3dslink.o) (connect)
/opt/devkitpro/libctru/lib/libctru.a(soc_socket.o)
                              /opt/devkitpro/libctru/lib/libctru.a(3dslink.o) (socket)
/opt/devkitpro/libctru/lib/libctru.a(rbtree_find.o)
                              /opt/devkitpro/libctru/lib/libctru.a(linear.o) (rbtree_find)
/opt/devkitpro/libctru/lib/libctru.a(rbtree_init.o)
                              /opt/devkitpro/libctru/lib/libctru.a(linear.o) (rbtree_init)
/opt/devkitpro/libctru/lib/libctru.a(rbtree_insert.o)
                              /opt/devkitpro/libctru/lib/libctru.a(linear.o) (rbtree_insert)
/opt/devkitpro/libctru/lib/libctru.a(rbtree_remove.o)
                              /opt/devkitpro/libctru/lib/libctru.a(linear.o) (rbtree_remove)
/opt/devkitpro/libctru/lib/libctru.a(rbtree_rotate.o)
                              /opt/devkitpro/libctru/lib/libctru.a(rbtree_insert.o) (rbtree_rotate)
/opt/devkitpro/libctru/lib/libctru.a(allocateHeaps.o)
                              /opt/devkitpro/libctru/lib/libctru.a(ctru_init.o) (__system_allocateHeaps)
/opt/devkitpro/libctru/lib/libctru.a(appExit.o)
                              /opt/devkitpro/libctru/lib/libctru.a(stack_adjust.o) (__appExit)
/opt/devkitpro/libctru/lib/libctru.a(appInit.o)
                              /opt/devkitpro/libctru/lib/libctru.a(stack_adjust.o) (__appInit)
/opt/devkitpro/libctru/lib/libctru.a(ctru_exit.o)
                              /opt/devkitpro/libctru/lib/libctru.a(stack_adjust.o) (__libctru_exit)
[...]
Memory Configuration

Name             Origin             Length             Attributes
*default*        0x00000000         0xffffffff

Linker script and memory map

                0x00000000                        __sync_synchronize = __sync_synchronize_dmb
                0x00100000                        PROVIDE (__start__ = 0x100000)
                0x00100000                        . = __start__

.text           0x00100000     0xce18
 *(.crt0)
 .crt0          0x00100000       0x94 /opt/devkitpro/devkitARM/bin/../lib/gcc/arm-none-eabi/14.2.0/../../../../arm-none-eabi/lib/armv6k/fpu/3dsx_crt0.o
                0x00100000                _start
                0x00100008                __service_ptr
                0x0010000c                __apt_appid
                0x00100010                __heap_size
                0x00100014                __linear_heap_size
                0x00100018                __system_arglist
                0x0010001c                __system_runflags
 *(.init)
 .init          0x00100094        0xc /opt/devkitpro/devkitARM/bin/../lib/gcc/arm-none-eabi/14.2.0/armv6k/fpu/crti.o
                0x00100094                _init
 .init          0x001000a0        0xc /opt/devkitpro/devkitARM/bin/../lib/gcc/arm-none-eabi/14.2.0/armv6k/fpu/crtn.o
                0x001000ac                        . = ALIGN (0x4)
 *(.text)
 .text          0x001000ac      0x240 /opt/devkitpro/devkitARM/bin/../lib/gcc/arm-none-eabi/14.2.0/armv6k/fpu/libgcc.a(_divsi3.o)
                0x001000ac                __aeabi_idiv
                0x001000ac                __divsi3
                0x001002cc                __aeabi_idivmod
 .text          0x001002ec        0x4 /opt/devkitpro/devkitARM/bin/../lib/gcc/arm-none-eabi/14.2.0/armv6k/fpu/libgcc.a(_dvmd_tls.o)
                0x001002ec                __aeabi_ldiv0
                0x001002ec                __aeabi_idiv0
 *fill*         0x001002f0       0x10 
 .text          0x00100300      0x390 /opt/devkitpro/devkitARM/bin/../lib/gcc/arm-none-eabi/14.2.0/../../../../arm-none-eabi/lib/armv6k/fpu/libg.a(libc_a-strcmp.o)
                0x00100308                strcmp
 .text          0x00100690      0x20c /opt/devkitpro/devkitARM/bin/../lib/gcc/arm-none-eabi/14.2.0/armv6k/fpu/libgcc.a(_udivsi3.o)
                0x00100690                __udivsi3
                0x00100690                __aeabi_uidiv
                0x0010087c                __aeabi_uidivmod
 *(.text.*)
 .text.__do_global_dtors_aux
                0x0010089c       0x40 /opt/devkitpro/devkitARM/bin/../lib/gcc/arm-none-eabi/14.2.0/armv6k/fpu/crtbegin.o
 .text.frame_dummy
                0x001008dc       0x2c /opt/devkitpro/devkitARM/bin/../lib/gcc/arm-none-eabi/14.2.0/armv6k/fpu/crtbegin.o
 .text.startup.main
                0x00100908       0x54 main.o
                0x00100908                main
 .text.consoleHandleColorEsc
                0x0010095c      0x45c /opt/devkitpro/libctru/lib/libctru.a(console.o)
 .text.consoleColorStateShift
                0x00100db8       0xb8 /opt/devkitpro/libctru/lib/libctru.a(console.o)
 .text.consoleDrawChar
                0x00100e70      0x1ac /opt/devkitpro/libctru/lib/libctru.a(console.o)
                0x00100e70                consoleDrawChar
 .text.consolePrintChar
                0x0010101c      0x11c /opt/devkitpro/libctru/lib/libctru.a(console.o)
                0x0010101c                consolePrintChar
 .text.con_write
                0x00101138      0x5ec /opt/devkitpro/libctru/lib/libctru.a(console.o)
                0x00101138                con_write
 .text.newRow   0x00101724      0x124 /opt/devkitpro/libctru/lib/libctru.a(console.o)
 .text.consoleInit
                0x00101848      0x18c /opt/devkitpro/libctru/lib/libctru.a(console.o)
                0x00101848                consoleInit
 .text.gfxPresentFramebuffer
                0x001019d4       0xd0 /opt/devkitpro/libctru/lib/libctru.a(gfx.o)
 .text.gfxIsWide
                0x00101aa4       0x1c /opt/devkitpro/libctru/lib/libctru.a(gfx.o)
                0x00101aa4                gfxIsWide
 .text.gfxSetScreenFormat
                0x00101ac0       0xec /opt/devkitpro/libctru/lib/libctru.a(gfx.o)
                0x00101ac0                gfxSetScreenFormat
 .text.gfxSetDoubleBuffering
                0x00101bac       0x10 /opt/devkitpro/libctru/lib/libctru.a(gfx.o)
                0x00101bac                gfxSetDoubleBuffering
 .text.gfxInit  0x00101bbc       0xd8 /opt/devkitpro/libctru/lib/libctru.a(gfx.o)
                0x00101bbc                gfxInit
 .text.gfxInitDefault
                0x00101c94       0x10 /opt/devkitpro/libctru/lib/libctru.a(gfx.o)
                0x00101c94                gfxInitDefault
 .text.gfxExit  0x00101ca4       0xb4 /opt/devkitpro/libctru/lib/libctru.a(gfx.o)
                0x00101ca4                gfxExit
 .text.gfxGetFramebuffer
                0x00101d58       0xa0 /opt/devkitpro/libctru/lib/libctru.a(gfx.o)
                0x00101d58                gfxGetFramebuffer
 .text.gfxFlushBuffers
                0x00101df8      0x100 /opt/devkitpro/libctru/lib/libctru.a(gfx.o)
                0x00101df8                gfxFlushBuffers
 .text.gfxSwapBuffers
                0x00101ef8       0x50 /opt/devkitpro/libctru/lib/libctru.a(gfx.o)
                0x00101ef8                gfxSwapBuffers
 .text.gfxSwapBuffersGpu
                0x00101f48       0x50 /opt/devkitpro/libctru/lib/libctru.a(gfx.o)
                0x00101f48                gfxSwapBuffersGpu
 .text.aptConvertScreenForCapture
                0x00101f98      0x1b0 /opt/devkitpro/libctru/lib/libctru.a(apt.o)
 .text.aptDspSleep
                0x00102148        0x8 /opt/devkitpro/libctru/lib/libctru.a(apt.o)
                0x00102148                aptDspSleep
 .text.aptDspWakeup
                0x00102150        0x4 /opt/devkitpro/libctru/lib/libctru.a(apt.o)
                0x00102150                aptDspWakeup
 .text.aptDspCancel
                0x00102154        0x4 /opt/devkitpro/libctru/lib/libctru.a(apt.o)
                0x00102154                aptDspCancel
 .text.aptSendCommand
                0x00102158      0x158 /opt/devkitpro/libctru/lib/libctru.a(apt.o)
                0x00102158                aptSendCommand
 .text.aptExitProcess
                0x001022b0       0x44 /opt/devkitpro/libctru/lib/libctru.a(apt.o)
 .text.aptExit  0x001022f4      0x380 /opt/devkitpro/libctru/lib/libctru.a(apt.o)
                0x001022f4                aptExit
 .text.aptHandleSleep
                0x00102674       0xd8 /opt/devkitpro/libctru/lib/libctru.a(apt.o)
                0x00102674                aptHandleSleep
 .text.APT_SleepIfShellClosed
                0x0010274c       0x84 /opt/devkitpro/libctru/lib/libctru.a(apt.o)
                0x0010274c                APT_SleepIfShellClosed
 .text.aptSetSleepAllowed
                0x001027d0       0x78 /opt/devkitpro/libctru/lib/libctru.a(apt.o)
                0x001027d0                aptSetSleepAllowed
 .text.APT_UnlockTransition
                0x00102848       0x84 /opt/devkitpro/libctru/lib/libctru.a(apt.o)
                0x00102848                APT_UnlockTransition
 *fill*         0x001028cc        0x4 
 .text.aptEventHandler
                0x001028d0      0x478 /opt/devkitpro/libctru/lib/libctru.a(apt.o)
 .text.APT_ReceiveParameter
                0x00102d48       0xb0 /opt/devkitpro/libctru/lib/libctru.a(apt.o)
                0x00102d48                APT_ReceiveParameter
 .text.aptReceiveParameter.constprop.0
                0x00102df8       0xac /opt/devkitpro/libctru/lib/libctru.a(apt.o)
 *fill*         0x00102ea4        0x4 
 .text.aptScreenTransfer
                0x00102ea8      0x294 /opt/devkitpro/libctru/lib/libctru.a(apt.o)
 .text.aptWaitForWakeUp.isra.0
                0x0010313c      0x2c8 /opt/devkitpro/libctru/lib/libctru.a(apt.o)
 .text.aptJumpToHomeMenu
                0x00103404       0xf4 /opt/devkitpro/libctru/lib/libctru.a(apt.o)
                0x00103404                aptJumpToHomeMenu
 .text.aptMainLoop
                0x001034f8       0x48 /opt/devkitpro/libctru/lib/libctru.a(apt.o)
                0x001034f8                aptMainLoop
 .text.aptInit  0x00103540      0x22c /opt/devkitpro/libctru/lib/libctru.a(apt.o)
                0x00103540                aptInit
 .text.APT_CheckNew3DS
                0x0010376c       0x7c /opt/devkitpro/libctru/lib/libctru.a(apt.o)
                0x0010376c                APT_CheckNew3DS
 .text.gspHardwareInit
                0x001037e8      0xc70 /opt/devkitpro/libctru/lib/libctru.a(gspgpu.o)
 .text.gspInit  0x00104458      0x248 /opt/devkitpro/libctru/lib/libctru.a(gspgpu.o)
                0x00104458                gspInit
 .text.gspExit  0x001046a0       0xe4 /opt/devkitpro/libctru/lib/libctru.a(gspgpu.o)
                0x001046a0                gspExit
 .text.gspHasGpuRight
                0x00104784       0x10 /opt/devkitpro/libctru/lib/libctru.a(gspgpu.o)
                0x00104784                gspHasGpuRight
 .text.gspPresentBuffer
                0x00104794       0xa0 /opt/devkitpro/libctru/lib/libctru.a(gspgpu.o)
                0x00104794                gspPresentBuffer
 .text.gspWaitForEvent
                0x00104834       0x44 /opt/devkitpro/libctru/lib/libctru.a(gspgpu.o)
                0x00104834                gspWaitForEvent
 .text.gxCmdQueueInterrupt
                0x00104878        0x4 /opt/devkitpro/libctru/lib/libctru.a(gspgpu.o)
                0x00104878                gxCmdQueueInterrupt
 .text.gspEventThreadMain
                0x0010487c      0x160 /opt/devkitpro/libctru/lib/libctru.a(gspgpu.o)
 .text.GSPGPU_FlushDataCache
                0x001049dc       0x50 /opt/devkitpro/libctru/lib/libctru.a(gspgpu.o)
                0x001049dc                GSPGPU_FlushDataCache
 .text.GSPGPU_SetLcdForceBlack
                0x00104a2c       0x34 /opt/devkitpro/libctru/lib/libctru.a(gspgpu.o)
                0x00104a2c                GSPGPU_SetLcdForceBlack
 .text.GSPGPU_AcquireRight
                0x00104a60       0x68 /opt/devkitpro/libctru/lib/libctru.a(gspgpu.o)
                0x00104a60                GSPGPU_AcquireRight
 .text.GSPGPU_ReleaseRight
                0x00104ac8       0x48 /opt/devkitpro/libctru/lib/libctru.a(gspgpu.o)
                0x00104ac8                GSPGPU_ReleaseRight
 .text.GSPGPU_ImportDisplayCaptureInfo
                0x00104b10       0x7c /opt/devkitpro/libctru/lib/libctru.a(gspgpu.o)
                0x00104b10                GSPGPU_ImportDisplayCaptureInfo
 .text.GSPGPU_SaveVramSysArea
                0x00104b8c       0x2c /opt/devkitpro/libctru/lib/libctru.a(gspgpu.o)
                0x00104b8c                GSPGPU_SaveVramSysArea
 .text.GSPGPU_RestoreVramSysArea
                0x00104bb8       0x2c /opt/devkitpro/libctru/lib/libctru.a(gspgpu.o)
                0x00104bb8                GSPGPU_RestoreVramSysArea
 .text.hidShouldUseIrrst
                0x00104be4       0x24 /opt/devkitpro/libctru/lib/libctru.a(hid.o)
                0x00104be4                hidShouldUseIrrst
 .text.hidInit  0x00104c08      0x18c /opt/devkitpro/libctru/lib/libctru.a(hid.o)
                0x00104c08                hidInit
 .text.hidExit  0x00104d94       0xe8 /opt/devkitpro/libctru/lib/libctru.a(hid.o)
                0x00104d94                hidExit
 .text.hidScanInput
                0x00104e7c      0x2a4 /opt/devkitpro/libctru/lib/libctru.a(hid.o)
                0x00104e7c                hidScanInput
 .text.hidKeysDown
                0x00105120       0x10 /opt/devkitpro/libctru/lib/libctru.a(hid.o)
                0x00105120                hidKeysDown
 .text.irrstInit
                0x00105130      0x160 /opt/devkitpro/libctru/lib/libctru.a(irrst.o)
                0x00105130                irrstInit
 .text.irrstExit
                0x00105290       0xcc /opt/devkitpro/libctru/lib/libctru.a(irrst.o)
                0x00105290                irrstExit
 .text.irrstScanInput
                0x0010535c       0xb4 /opt/devkitpro/libctru/lib/libctru.a(irrst.o)
                0x0010535c                irrstScanInput
 .text.irrstKeysHeld
                0x00105410       0x24 /opt/devkitpro/libctru/lib/libctru.a(irrst.o)
                0x00105410                irrstKeysHeld
 .text.__libctru_init
                0x00105434       0x38 /opt/devkitpro/libctru/lib/libctru.a(ctru_init.o)
                0x00105434                __libctru_init
 .text.__system_initArgv
                0x0010546c      0x160 /opt/devkitpro/libctru/lib/libctru.a(initArgv.o)
                0x0010546c                __system_initArgv
 .text.__syscall_getreent
                0x001055cc       0x30 /opt/devkitpro/libctru/lib/libctru.a(syscalls.o)
                0x001055cc                __syscall_getreent
 .text.__syscall_lock_acquire
                0x001055fc        0x4 /opt/devkitpro/libctru/lib/libctru.a(syscalls.o)
                0x001055fc                __syscall_lock_acquire
 .text.__syscall_lock_release
                0x00105600        0x4 /opt/devkitpro/libctru/lib/libctru.a(syscalls.o)
                0x00105600                __syscall_lock_release
 .text.__syscall_lock_acquire_recursive
                0x00105604        0x4 /opt/devkitpro/libctru/lib/libctru.a(syscalls.o)
                0x00105604                __syscall_lock_acquire_recursive
 .text.__syscall_lock_release_recursive
                0x00105608        0x4 /opt/devkitpro/libctru/lib/libctru.a(syscalls.o)
                0x00105608                __syscall_lock_release_recursive
 .text.__syscall_exit
                0x0010560c        0x4 /opt/devkitpro/libctru/lib/libctru.a(syscalls.o)
                0x0010560c                __syscall_exit
 .text.initThreadVars
                0x00105610       0x50 /opt/devkitpro/libctru/lib/libctru.a(syscalls.o)
                0x00105610                initThreadVars
 .text.__system_initSyscalls
                0x00105660       0x80 /opt/devkitpro/libctru/lib/libctru.a(syscalls.o)
                0x00105660                __system_initSyscalls
 .text.svcControlMemory
                0x001056e0       0x20 /opt/devkitpro/libctru/lib/libctru.a(svc.o)
                0x001056e0                svcControlMemory
 .text.svcQueryMemory
                0x00105700       0x30 /opt/devkitpro/libctru/lib/libctru.a(svc.o)
                0x00105700                svcQueryMemory
 .text.svcExitProcess
                0x00105730        0x8 /opt/devkitpro/libctru/lib/libctru.a(svc.o)
                0x00105730                svcExitProcess
 .text.svcCreateThread
                0x00105738       0x20 /opt/devkitpro/libctru/lib/libctru.a(svc.o)
                0x00105738                svcCreateThread
 .text.svcExitThread
                0x00105758        0x8 /opt/devkitpro/libctru/lib/libctru.a(svc.o)
                0x00105758                svcExitThread
 .text.svcSleepThread
                0x00105760        0x8 /opt/devkitpro/libctru/lib/libctru.a(svc.o)
                0x00105760                svcSleepThread
 .text.svcReleaseMutex
                0x00105768        0x8 /opt/devkitpro/libctru/lib/libctru.a(svc.o)
                0x00105768                svcReleaseMutex
 .text.svcCreateEvent
                0x00105770       0x14 /opt/devkitpro/libctru/lib/libctru.a(svc.o)
                0x00105770                svcCreateEvent
 .text.svcSignalEvent
                0x00105784        0x8 /opt/devkitpro/libctru/lib/libctru.a(svc.o)
                0x00105784                svcSignalEvent
 .text.svcClearEvent
                0x0010578c        0x8 /opt/devkitpro/libctru/lib/libctru.a(svc.o)
                0x0010578c                svcClearEvent
 .text.svcMapMemoryBlock
                0x00105794        0x8 /opt/devkitpro/libctru/lib/libctru.a(svc.o)
                0x00105794                svcMapMemoryBlock
 .text.svcUnmapMemoryBlock
                0x0010579c        0x8 /opt/devkitpro/libctru/lib/libctru.a(svc.o)
                0x0010579c                svcUnmapMemoryBlock
 .text.svcCreateAddressArbiter
                0x001057a4       0x14 /opt/devkitpro/libctru/lib/libctru.a(svc.o)
                0x001057a4                svcCreateAddressArbiter
 .text.svcArbitrateAddressNoTimeout
                0x001057b8        0x8 /opt/devkitpro/libctru/lib/libctru.a(svc.o)
                0x001057b8                svcArbitrateAddressNoTimeout
 .text.svcCloseHandle
                0x001057c0        0x8 /opt/devkitpro/libctru/lib/libctru.a(svc.o)
                0x001057c0                svcCloseHandle
 .text.svcWaitSynchronization
                0x001057c8        0x8 /opt/devkitpro/libctru/lib/libctru.a(svc.o)
                0x001057c8                svcWaitSynchronization
 .text.svcWaitSynchronizationN
                0x001057d0       0x28 /opt/devkitpro/libctru/lib/libctru.a(svc.o)
                0x001057d0                svcWaitSynchronizationN
 .text.svcDuplicateHandle
                0x001057f8       0x14 /opt/devkitpro/libctru/lib/libctru.a(svc.o)
                0x001057f8                svcDuplicateHandle
 .text.svcConnectToPort
                0x0010580c       0x14 /opt/devkitpro/libctru/lib/libctru.a(svc.o)
                0x0010580c                svcConnectToPort
 .text.svcSendSyncRequest
                0x00105820        0x8 /opt/devkitpro/libctru/lib/libctru.a(svc.o)
                0x00105820                svcSendSyncRequest
 .text.svcGetResourceLimit
                0x00105828       0x14 /opt/devkitpro/libctru/lib/libctru.a(svc.o)
                0x00105828                svcGetResourceLimit
 .text.svcGetResourceLimitLimitValues
                0x0010583c        0x8 /opt/devkitpro/libctru/lib/libctru.a(svc.o)
                0x0010583c                svcGetResourceLimitLimitValues
 .text.svcGetResourceLimitCurrentValues
                0x00105844        0x8 /opt/devkitpro/libctru/lib/libctru.a(svc.o)
                0x00105844                svcGetResourceLimitCurrentValues
 .text.svcBreak
                0x0010584c        0x8 /opt/devkitpro/libctru/lib/libctru.a(svc.o)
                0x0010584c                svcBreak
 .text.initSystem
                0x00105854       0x50 /opt/devkitpro/libctru/lib/libctru.a(stack_adjust.o)
                0x00105854                initSystem
 .text.__ctru_exit
                0x001058a4       0x14 /opt/devkitpro/libctru/lib/libctru.a(stack_adjust.o)
                0x001058a4                __ctru_exit
 .text._ZL21addrMapNodeComparatorPK11rbtree_nodeS1_
                0x001058b8       0x24 /opt/devkitpro/libctru/lib/libctru.a(linear.o)
 .text._ZL21addrMapNodeDestructorP11rbtree_node
                0x001058dc        0x4 /opt/devkitpro/libctru/lib/libctru.a(linear.o)
 .text.linearMemAlign
                0x001058e0      0x120 /opt/devkitpro/libctru/lib/libctru.a(linear.o)
                0x001058e0                linearMemAlign
 .text.linearAlloc
                0x00105a00        0x8 /opt/devkitpro/libctru/lib/libctru.a(linear.o)
                0x00105a00                linearAlloc
 .text.linearFree
                0x00105a08       0x5c /opt/devkitpro/libctru/lib/libctru.a(linear.o)
                0x00105a08                linearFree
 .text._ZN7MemPool13CoalesceRightEP8MemBlock
                0x00105a64       0x84 /opt/devkitpro/libctru/lib/libctru.a(mem_pool.o)
                0x00105a64                MemPool::CoalesceRight(MemBlock*)
 .text._ZN7MemPool8AllocateER8MemChunkmi
                0x00105ae8      0x150 /opt/devkitpro/libctru/lib/libctru.a(mem_pool.o)
                0x00105ae8                MemPool::Allocate(MemChunk&, unsigned long, int)
 .text._ZN7MemPool10DeallocateERK8MemChunk
                0x00105c38       0xfc /opt/devkitpro/libctru/lib/libctru.a(mem_pool.o)
                0x00105c38                MemPool::Deallocate(MemChunk const&)
 .text._ZN7MemPool12GetFreeSpaceEv
                0x00105d34       0x30 /opt/devkitpro/libctru/lib/libctru.a(mem_pool.o)
                0x00105d34                MemPool::GetFreeSpace()
 .text._ZL21addrMapNodeComparatorPK11rbtree_nodeS1_
                0x00105d64       0x24 /opt/devkitpro/libctru/lib/libctru.a(vram.o)
 .text._ZL21addrMapNodeDestructorP11rbtree_node
                0x00105d88        0x4 /opt/devkitpro/libctru/lib/libctru.a(vram.o)
 .text.vramMemAlignAt
                0x00105d8c      0x244 /opt/devkitpro/libctru/lib/libctru.a(vram.o)
                0x00105d8c                vramMemAlignAt
 .text.vramAlloc
                0x00105fd0        0xc /opt/devkitpro/libctru/lib/libctru.a(vram.o)
                0x00105fd0                vramAlloc
 .text.vramFree
                0x00105fdc       0x90 /opt/devkitpro/libctru/lib/libctru.a(vram.o)
                0x00105fdc                vramFree
 .text.envGetHandle
                0x0010606c       0x84 /opt/devkitpro/libctru/lib/libctru.a(env.o)
                0x0010606c                envGetHandle
 .text.envDestroyHandles
                0x001060f0       0x50 /opt/devkitpro/libctru/lib/libctru.a(env.o)
                0x001060f0                envDestroyHandles
 .text.__ctru_speedup_config
                0x00106140       0x34 /opt/devkitpro/libctru/lib/libctru.a(os.o)
                0x00106140                __ctru_speedup_config
 .text.srvInit  0x00106174      0x12c /opt/devkitpro/libctru/lib/libctru.a(srv.o)
                0x00106174                srvInit
 .text.srvExit  0x001062a0       0x58 /opt/devkitpro/libctru/lib/libctru.a(srv.o)
                0x001062a0                srvExit
 .text.srvEnableNotification
                0x001062f8       0x60 /opt/devkitpro/libctru/lib/libctru.a(srv.o)
                0x001062f8                srvEnableNotification
 .text.srvGetServiceHandleDirect
                0x00106358       0xa0 /opt/devkitpro/libctru/lib/libctru.a(srv.o)
                0x00106358                srvGetServiceHandleDirect
 .text.srvGetServiceHandle
                0x001063f8       0x38 /opt/devkitpro/libctru/lib/libctru.a(srv.o)
                0x001063f8                srvGetServiceHandle
 .text.srvSubscribe
                0x00106430       0x34 /opt/devkitpro/libctru/lib/libctru.a(srv.o)
                0x00106430                srvSubscribe
 .text.srvReceiveNotification
                0x00106464       0x60 /opt/devkitpro/libctru/lib/libctru.a(srv.o)
                0x00106464                srvReceiveNotification
 .text.srvPublishToSubscriber
                0x001064c4       0x38 /opt/devkitpro/libctru/lib/libctru.a(srv.o)
                0x001064c4                srvPublishToSubscriber
 .text.__sync_init
                0x001064fc        0xc /opt/devkitpro/libctru/lib/libctru.a(synchronization.o)
                0x001064fc                __sync_init
 .text.__sync_fini
                0x00106508       0x18 /opt/devkitpro/libctru/lib/libctru.a(synchronization.o)
                0x00106508                __sync_fini
 .text.syncArbitrateAddress
                0x00106520       0x2c /opt/devkitpro/libctru/lib/libctru.a(synchronization.o)
                0x00106520                syncArbitrateAddress
 .text.LightLock_Lock
                0x0010654c       0xb0 /opt/devkitpro/libctru/lib/libctru.a(synchronization.o)
                0x0010654c                LightLock_Lock
 .text.LightLock_Unlock
                0x001065fc       0x40 /opt/devkitpro/libctru/lib/libctru.a(synchronization.o)
                0x001065fc                LightLock_Unlock
 .text.RecursiveLock_Lock
                0x0010663c       0x30 /opt/devkitpro/libctru/lib/libctru.a(synchronization.o)
                0x0010663c                RecursiveLock_Lock
 .text.RecursiveLock_Unlock
                0x0010666c       0x54 /opt/devkitpro/libctru/lib/libctru.a(synchronization.o)
                0x0010666c                RecursiveLock_Unlock
 .text.LightEvent_Init
                0x001066c0       0x40 /opt/devkitpro/libctru/lib/libctru.a(synchronization.o)
                0x001066c0                LightEvent_Init
 .text.LightEvent_Clear
                0x00106700       0xa4 /opt/devkitpro/libctru/lib/libctru.a(synchronization.o)
                0x00106700                LightEvent_Clear
 .text.LightEvent_Signal
                0x001067a4       0xc8 /opt/devkitpro/libctru/lib/libctru.a(synchronization.o)
                0x001067a4                LightEvent_Signal
 .text.LightEvent_TryWait
                0x0010686c       0x50 /opt/devkitpro/libctru/lib/libctru.a(synchronization.o)
                0x0010686c                LightEvent_TryWait
 .text.LightEvent_Wait
                0x001068bc       0xa0 /opt/devkitpro/libctru/lib/libctru.a(synchronization.o)
                0x001068bc                LightEvent_Wait
 .text.threadCreate
                0x0010695c      0x1d4 /opt/devkitpro/libctru/lib/libctru.a(thread.o)
                0x0010695c                threadCreate
 .text.threadFree
                0x00106b30       0x2c /opt/devkitpro/libctru/lib/libctru.a(thread.o)
                0x00106b30                threadFree
 .text.threadJoin
                0x00106b5c       0x24 /opt/devkitpro/libctru/lib/libctru.a(thread.o)
                0x00106b5c                threadJoin
 .text.threadGetCurrent
                0x00106b80       0x30 /opt/devkitpro/libctru/lib/libctru.a(thread.o)
                0x00106b80                threadGetCurrent
 .text.threadExit
                0x00106bb0       0x40 /opt/devkitpro/libctru/lib/libctru.a(thread.o)
                0x00106bb0                threadExit
 .text._thread_begin
                0x00106bf0       0x20 /opt/devkitpro/libctru/lib/libctru.a(thread.o)
 .text.mappableFindAddressWithin
                0x00106c10       0x90 /opt/devkitpro/libctru/lib/libctru.a(mappable.o)
 .text.mappableInit
                0x00106ca0       0x28 /opt/devkitpro/libctru/lib/libctru.a(mappable.o)
                0x00106ca0                mappableInit
 .text.mappableAlloc
                0x00106cc8       0x80 /opt/devkitpro/libctru/lib/libctru.a(mappable.o)
                0x00106cc8                mappableAlloc
 .text.mappableFree
                0x00106d48        0x4 /opt/devkitpro/libctru/lib/libctru.a(mappable.o)
                0x00106d48                mappableFree
 .text.ptmSysmInit
                0x00106d4c       0x74 /opt/devkitpro/libctru/lib/libctru.a(ptmsysm.o)
                0x00106d4c                ptmSysmInit
 .text.ptmSysmExit
                0x00106dc0       0x3c /opt/devkitpro/libctru/lib/libctru.a(ptmsysm.o)
                0x00106dc0                ptmSysmExit
 .text.PTMSYSM_ConfigureNew3DSCPU
                0x00106dfc       0x34 /opt/devkitpro/libctru/lib/libctru.a(ptmsysm.o)
                0x00106dfc                PTMSYSM_ConfigureNew3DSCPU
 .text.srvPmGetSessionHandle
                0x00106e30        0xc /opt/devkitpro/libctru/lib/libctru.a(srvpm.o)
                0x00106e30                srvPmGetSessionHandle
 .text.rbtree_find
                0x00106e3c       0x74 /opt/devkitpro/libctru/lib/libctru.a(rbtree_find.o)
                0x00106e3c                rbtree_find
 .text.rbtree_init
                0x00106eb0       0x10 /opt/devkitpro/libctru/lib/libctru.a(rbtree_init.o)
                0x00106eb0                rbtree_init
 .text.do_insert
                0x00106ec0      0x19c /opt/devkitpro/libctru/lib/libctru.a(rbtree_insert.o)
 .text.rbtree_insert
                0x0010705c        0x8 /opt/devkitpro/libctru/lib/libctru.a(rbtree_insert.o)
                0x0010705c                rbtree_insert
 .text.rbtree_remove
                0x00107064      0x310 /opt/devkitpro/libctru/lib/libctru.a(rbtree_remove.o)
                0x00107064                rbtree_remove
 .text.rbtree_rotate
                0x00107374       0x90 /opt/devkitpro/libctru/lib/libctru.a(rbtree_rotate.o)
                0x00107374                rbtree_rotate
 *fill*         0x00107404        0x4 
 .text.__system_allocateHeaps
                0x00107408      0x1e0 /opt/devkitpro/libctru/lib/libctru.a(allocateHeaps.o)
                0x00107408                __system_allocateHeaps
 .text.__appExit
                0x001075e8       0x30 /opt/devkitpro/libctru/lib/libctru.a(appExit.o)
                0x001075e8                __appExit
 .text.__appInit
                0x00107618       0x30 /opt/devkitpro/libctru/lib/libctru.a(appInit.o)
                0x00107618                __appInit
 .text.__libctru_exit
                0x00107648       0x90 /opt/devkitpro/libctru/lib/libctru.a(ctru_exit.o)
                0x00107648                __libctru_exit
 .text.archive_link
                0x001076d8       0x14 /opt/devkitpro/libctru/lib/libctru.a(archive_dev.o)
 .text.archive_dirreset
                0x001076ec       0x14 /opt/devkitpro/libctru/lib/libctru.a(archive_dev.o)
 .text.archive_chmod
                0x00107700       0x14 /opt/devkitpro/libctru/lib/libctru.a(archive_dev.o)
 .text.error_cmp
                0x00107714       0x24 /opt/devkitpro/libctru/lib/libctru.a(archive_dev.o)
 .text.archive_translate_error
                0x00107738       0x50 /opt/devkitpro/libctru/lib/libctru.a(archive_dev.o)
 .text.archive_seek
                0x00107788       0xc4 /opt/devkitpro/libctru/lib/libctru.a(archive_dev.o)
 .text._archiveInit.part.0
                0x0010784c       0x78 /opt/devkitpro/libctru/lib/libctru.a(archive_dev.o)
 .text.archiveFindDevice.part.0
                0x001078c4       0xc4 /opt/devkitpro/libctru/lib/libctru.a(archive_dev.o)
 .text.archive_utf16path
                0x00107988      0x290 /opt/devkitpro/libctru/lib/libctru.a(archive_dev.o)
 .text._archiveUnmountDeviceStruct.part.0
                0x00107c18       0x9c /opt/devkitpro/libctru/lib/libctru.a(archive_dev.o)
 .text.archive_statvfs
                0x00107cb4       0x14 /opt/devkitpro/libctru/lib/libctru.a(archive_dev.o)
 .text.archive_fchmod
                0x00107cc8       0x14 /opt/devkitpro/libctru/lib/libctru.a(archive_dev.o)
 .text._archiveMountDevice
                0x00107cdc      0x168 /opt/devkitpro/libctru/lib/libctru.a(archive_dev.o)
 .text.archive_diropen
                0x00107e44       0xe8 /opt/devkitpro/libctru/lib/libctru.a(archive_dev.o)
 .text.archive_fstat
                0x00107f2c       0xa4 /opt/devkitpro/libctru/lib/libctru.a(archive_dev.o)
 .text.archive_fsync
                0x00107fd0       0x6c /opt/devkitpro/libctru/lib/libctru.a(archive_dev.o)
 .text.archive_close
                0x0010803c       0x6c /opt/devkitpro/libctru/lib/libctru.a(archive_dev.o)
 .text.archive_dirclose
                0x001080a8       0x70 /opt/devkitpro/libctru/lib/libctru.a(archive_dev.o)
 .text.sdmc_statvfs
                0x00108118       0xe4 /opt/devkitpro/libctru/lib/libctru.a(archive_dev.o)
 .text.archive_chdir
                0x001081fc       0xec /opt/devkitpro/libctru/lib/libctru.a(archive_dev.o)
 .text.archive_ftruncate
                0x001082e8       0x7c /opt/devkitpro/libctru/lib/libctru.a(archive_dev.o)
 .text.archive_read
                0x00108364       0xac /opt/devkitpro/libctru/lib/libctru.a(archive_dev.o)
 .text.archive_unlink
                0x00108410       0xa4 /opt/devkitpro/libctru/lib/libctru.a(archive_dev.o)
 .text.archive_rmdir
                0x001084b4       0xbc /opt/devkitpro/libctru/lib/libctru.a(archive_dev.o)
 .text.archive_mkdir
                0x00108570       0xdc /opt/devkitpro/libctru/lib/libctru.a(archive_dev.o)
 .text.archive_stat
                0x0010864c      0x194 /opt/devkitpro/libctru/lib/libctru.a(archive_dev.o)
 .text.archive_dirnext
                0x001087e0      0x15c /opt/devkitpro/libctru/lib/libctru.a(archive_dev.o)
 .text.archive_write
                0x0010893c      0x124 /opt/devkitpro/libctru/lib/libctru.a(archive_dev.o)
 .text.archive_open
                0x00108a60      0x210 /opt/devkitpro/libctru/lib/libctru.a(archive_dev.o)
 .text.archive_rename
                0x00108c70      0x268 /opt/devkitpro/libctru/lib/libctru.a(archive_dev.o)
 .text.archiveMountSdmc
                0x00108ed8      0x19c /opt/devkitpro/libctru/lib/libctru.a(archive_dev.o)
                0x00108ed8                archiveMountSdmc
 .text.archiveUnmountAll
                0x00109074       0x54 /opt/devkitpro/libctru/lib/libctru.a(archive_dev.o)
                0x00109074                archiveUnmountAll
 .text.fsInit   0x001090c8       0xd0 /opt/devkitpro/libctru/lib/libctru.a(fs.o)
                0x001090c8                fsInit
 .text.fsExit   0x00109198       0x3c /opt/devkitpro/libctru/lib/libctru.a(fs.o)
                0x00109198                fsExit
 .text.fsExemptFromSession
                0x001091d4       0x60 /opt/devkitpro/libctru/lib/libctru.a(fs.o)
                0x001091d4                fsExemptFromSession
 .text.fsUnexemptFromSession
                0x00109234       0x50 /opt/devkitpro/libctru/lib/libctru.a(fs.o)
                0x00109234                fsUnexemptFromSession
 .text.FSUSER_OpenFile
                0x00109284       0xcc /opt/devkitpro/libctru/lib/libctru.a(fs.o)
                0x00109284                FSUSER_OpenFile
 .text.FSUSER_DeleteFile
                0x00109350       0xbc /opt/devkitpro/libctru/lib/libctru.a(fs.o)
                0x00109350                FSUSER_DeleteFile
 .text.FSUSER_RenameFile
                0x0010940c       0xf8 /opt/devkitpro/libctru/lib/libctru.a(fs.o)
                0x0010940c                FSUSER_RenameFile
 .text.FSUSER_DeleteDirectory
                0x00109504       0xbc /opt/devkitpro/libctru/lib/libctru.a(fs.o)
                0x00109504                FSUSER_DeleteDirectory
 .text.FSUSER_CreateFile
                0x001095c0       0xd4 /opt/devkitpro/libctru/lib/libctru.a(fs.o)
                0x001095c0                FSUSER_CreateFile
 .text.FSUSER_CreateDirectory
                0x00109694       0xc4 /opt/devkitpro/libctru/lib/libctru.a(fs.o)
                0x00109694                FSUSER_CreateDirectory
 .text.FSUSER_RenameDirectory
                0x00109758       0xf8 /opt/devkitpro/libctru/lib/libctru.a(fs.o)
                0x00109758                FSUSER_RenameDirectory
 .text.FSUSER_OpenDirectory
                0x00109850       0xb4 /opt/devkitpro/libctru/lib/libctru.a(fs.o)
                0x00109850                FSUSER_OpenDirectory
 .text.FSUSER_OpenArchive
                0x00109904       0x94 /opt/devkitpro/libctru/lib/libctru.a(fs.o)
                0x00109904                FSUSER_OpenArchive
 .text.FSUSER_CloseArchive
                0x00109998       0x8c /opt/devkitpro/libctru/lib/libctru.a(fs.o)
                0x00109998                FSUSER_CloseArchive
 .text.FSUSER_GetSdmcArchiveResource
                0x00109a24       0x74 /opt/devkitpro/libctru/lib/libctru.a(fs.o)
                0x00109a24                FSUSER_GetSdmcArchiveResource
 .text.FSUSER_IsSdmcWritable
                0x00109a98       0x64 /opt/devkitpro/libctru/lib/libctru.a(fs.o)
                0x00109a98                FSUSER_IsSdmcWritable
 .text.FSFILE_Read
                0x00109afc       0x58 /opt/devkitpro/libctru/lib/libctru.a(fs.o)
                0x00109afc                FSFILE_Read
 .text.FSFILE_Write
                0x00109b54       0x60 /opt/devkitpro/libctru/lib/libctru.a(fs.o)
                0x00109b54                FSFILE_Write
 .text.FSFILE_GetSize
                0x00109bb4       0x38 /opt/devkitpro/libctru/lib/libctru.a(fs.o)
                0x00109bb4                FSFILE_GetSize
 .text.FSFILE_SetSize
                0x00109bec       0x28 /opt/devkitpro/libctru/lib/libctru.a(fs.o)
                0x00109bec                FSFILE_SetSize
 .text.FSFILE_Close
                0x00109c14       0x3c /opt/devkitpro/libctru/lib/libctru.a(fs.o)
                0x00109c14                FSFILE_Close
 .text.FSFILE_Flush
                0x00109c50       0x24 /opt/devkitpro/libctru/lib/libctru.a(fs.o)
                0x00109c50                FSFILE_Flush
 .text.FSDIR_Read
                0x00109c74       0x50 /opt/devkitpro/libctru/lib/libctru.a(fs.o)
                0x00109c74                FSDIR_Read
 .text.FSDIR_Close
                0x00109cc4       0x3c /opt/devkitpro/libctru/lib/libctru.a(fs.o)
                0x00109cc4                FSDIR_Close
 .text.rbtree_node_next
                0x00109d00       0x5c /opt/devkitpro/libctru/lib/libctru.a(rbtree_iterator.o)
                0x00109d00                rbtree_node_next
 .text.decode_utf8
                0x00109d5c      0x13c /opt/devkitpro/libctru/lib/libctru.a(decode_utf8.o)
                0x00109d5c                decode_utf8
 .text.utf16_to_utf8
                0x00109e98       0xe8 /opt/devkitpro/libctru/lib/libctru.a(utf16_to_utf8.o)
                0x00109e98                utf16_to_utf8
 .text.utf8_to_utf16
                0x00109f80       0xc0 /opt/devkitpro/libctru/lib/libctru.a(utf8_to_utf16.o)
                0x00109f80                utf8_to_utf16
 .text.__aeabi_read_tp
                0x0010a040        0xc /opt/devkitpro/libctru/lib/libctru.a(readtp.o)
                0x0010a040                __aeabi_read_tp
 .text.decode_utf16
                0x0010a04c       0x64 /opt/devkitpro/libctru/lib/libctru.a(decode_utf16.o)
                0x0010a04c                decode_utf16
 .text.encode_utf16
                0x0010a0b0       0x54 /opt/devkitpro/libctru/lib/libctru.a(encode_utf16.o)
                0x0010a0b0                encode_utf16
 .text.encode_utf8
                0x0010a104       0xe0 /opt/devkitpro/libctru/lib/libctru.a(encode_utf8.o)
                0x0010a104                encode_utf8
 .text.strncmp  0x0010a1e4       0xd8 /opt/devkitpro/devkitARM/bin/../lib/gcc/arm-none-eabi/14.2.0/../../../../arm-none-eabi/lib/armv6k/fpu/libg.a(libc_a-strncmp.o)
                0x0010a1e4                strncmp
 .text.strlen   0x0010a2bc       0x5c /opt/devkitpro/devkitARM/bin/../lib/gcc/arm-none-eabi/14.2.0/../../../../arm-none-eabi/lib/armv6k/fpu/libg.a(libc_a-strlen-stub.o)
                0x0010a2bc                strlen
 .text._strtoul_l.isra.0
                0x0010a318      0x1e4 /opt/devkitpro/devkitARM/bin/../lib/gcc/arm-none-eabi/14.2.0/../../../../arm-none-eabi/lib/armv6k/fpu/libg.a(libc_a-strtoul.o)
 .text.strtoul  0x0010a4fc       0x34 /opt/devkitpro/devkitARM/bin/../lib/gcc/arm-none-eabi/14.2.0/../../../../arm-none-eabi/lib/armv6k/fpu/libg.a(libc_a-strtoul.o)
                0x0010a4fc                strtoul
 .text.strncat  0x0010a530       0xe4 /opt/devkitpro/devkitARM/bin/../lib/gcc/arm-none-eabi/14.2.0/../../../../arm-none-eabi/lib/armv6k/fpu/libg.a(libc_a-strncat.o)
                0x0010a530                strncat
 .text.bsearch  0x0010a614       0x78 /opt/devkitpro/devkitARM/bin/../lib/gcc/arm-none-eabi/14.2.0/../../../../arm-none-eabi/lib/armv6k/fpu/libg.a(libc_a-bsearch.o)
                0x0010a614                bsearch
 .text.memalign
                0x0010a68c       0x20 /opt/devkitpro/devkitARM/bin/../lib/gcc/arm-none-eabi/14.2.0/../../../../arm-none-eabi/lib/armv6k/fpu/libg.a(libc_a-malign.o)
                0x0010a68c                memalign
 .text.stdio_exit_handler
                0x0010a6ac       0x1c /opt/devkitpro/devkitARM/bin/../lib/gcc/arm-none-eabi/14.2.0/../../../../arm-none-eabi/lib/armv6k/fpu/libg.a(libc_a-findfp.o)
 .text.cleanup_stdio
                0x0010a6c8       0x5c /opt/devkitpro/devkitARM/bin/../lib/gcc/arm-none-eabi/14.2.0/../../../../arm-none-eabi/lib/armv6k/fpu/libg.a(libc_a-findfp.o)
 .text.global_stdio_init.part.0
                0x0010a724      0x154 /opt/devkitpro/devkitARM/bin/../lib/gcc/arm-none-eabi/14.2.0/../../../../arm-none-eabi/lib/armv6k/fpu/libg.a(libc_a-findfp.o)
 .text.__sinit  0x0010a878       0x5c /opt/devkitpro/devkitARM/bin/../lib/gcc/arm-none-eabi/14.2.0/../../../../arm-none-eabi/lib/armv6k/fpu/libg.a(libc_a-findfp.o)
                0x0010a878                __sinit
 .text.__sfp_lock_acquire
                0x0010a8d4        0xc /opt/devkitpro/devkitARM/bin/../lib/gcc/arm-none-eabi/14.2.0/../../../../arm-none-eabi/lib/armv6k/fpu/libg.a(libc_a-findfp.o)
                0x0010a8d4                __sfp_lock_acquire
 .text.__sfp_lock_release
                0x0010a8e0        0xc /opt/devkitpro/devkitARM/bin/../lib/gcc/arm-none-eabi/14.2.0/../../../../arm-none-eabi/lib/armv6k/fpu/libg.a(libc_a-findfp.o)
                0x0010a8e0                __sfp_lock_release
 .text._malloc_r
                0x0010a8ec      0x7e8 /opt/devkitpro/devkitARM/bin/../lib/gcc/arm-none-eabi/14.2.0/../../../../arm-none-eabi/lib/armv6k/fpu/libg.a(libc_a-mallocr.o)
                0x0010a8ec                _malloc_r
 .text._malloc_trim_r
                0x0010b0d4       0xf8 /opt/devkitpro/devkitARM/bin/../lib/gcc/arm-none-eabi/14.2.0/../../../../arm-none-eabi/lib/armv6k/fpu/libg.a(libc_a-freer.o)
                0x0010b0d4                _malloc_trim_r
 .text._free_r  0x0010b1cc      0x300 /opt/devkitpro/devkitARM/bin/../lib/gcc/arm-none-eabi/14.2.0/../../../../arm-none-eabi/lib/armv6k/fpu/libg.a(libc_a-freer.o)
                0x0010b1cc                _free_r
 .text.setvbuf  0x0010b4cc      0x294 /opt/devkitpro/devkitARM/bin/../lib/gcc/arm-none-eabi/14.2.0/../../../../arm-none-eabi/lib/armv6k/fpu/libg.a(libc_a-setvbuf.o)
                0x0010b4cc                setvbuf
 .text.strnlen  0x0010b760       0x4c /opt/devkitpro/devkitARM/bin/../lib/gcc/arm-none-eabi/14.2.0/../../../../arm-none-eabi/lib/armv6k/fpu/libg.a(libc_a-strnlen.o)
                0x0010b760                strnlen
 .text.__errno  0x0010b7ac        0xc /opt/devkitpro/devkitARM/bin/../lib/gcc/arm-none-eabi/14.2.0/../../../../arm-none-eabi/lib/armv6k/fpu/libg.a(libc_a-errno.o)
                0x0010b7ac                __errno
 .text.malloc   0x0010b7b8       0x34 /opt/devkitpro/devkitARM/bin/../lib/gcc/arm-none-eabi/14.2.0/../../../../arm-none-eabi/lib/armv6k/fpu/libg.a(libc_a-malloc.o)
                0x0010b7b8                malloc
 .text.free     0x0010b7ec       0x18 /opt/devkitpro/devkitARM/bin/../lib/gcc/arm-none-eabi/14.2.0/../../../../arm-none-eabi/lib/armv6k/fpu/libg.a(libc_a-malloc.o)
                0x0010b7ec                free
 .text.memcpy   0x0010b804      0x130 /opt/devkitpro/devkitARM/bin/../lib/gcc/arm-none-eabi/14.2.0/../../../../arm-none-eabi/lib/armv6k/fpu/libg.a(libc_a-memcpy-stub.o)
                0x0010b804                memcpy
 .text.memset   0x0010b934       0xe8 /opt/devkitpro/devkitARM/bin/../lib/gcc/arm-none-eabi/14.2.0/../../../../arm-none-eabi/lib/armv6k/fpu/libg.a(libc_a-memset.o)
                0x0010b934                memset
 .text._fwalk_sglue
                0x0010ba1c       0x70 /opt/devkitpro/devkitARM/bin/../lib/gcc/arm-none-eabi/14.2.0/../../../../arm-none-eabi/lib/armv6k/fpu/libg.a(libc_a-fwalk.o)
                0x0010ba1c                _fwalk_sglue
 .text.__malloc_lock
                0x0010ba8c        0xc /opt/devkitpro/devkitARM/bin/../lib/gcc/arm-none-eabi/14.2.0/../../../../arm-none-eabi/lib/armv6k/fpu/libg.a(libc_a-mlock.o)
                0x0010ba8c                __malloc_lock
 .text.__malloc_unlock
                0x0010ba98        0xc /opt/devkitpro/devkitARM/bin/../lib/gcc/arm-none-eabi/14.2.0/../../../../arm-none-eabi/lib/armv6k/fpu/libg.a(libc_a-mlock.o)
                0x0010ba98                __malloc_unlock
 .text.__call_exitprocs
                0x0010baa4        0x4 /opt/devkitpro/devkitARM/bin/../lib/gcc/arm-none-eabi/14.2.0/../../../../arm-none-eabi/lib/armv6k/fpu/libg.a(libc_a-exit.o)
                0x0010baa4                __call_exitprocs
 .text.exit     0x0010baa8       0x30 /opt/devkitpro/devkitARM/bin/../lib/gcc/arm-none-eabi/14.2.0/../../../../arm-none-eabi/lib/armv6k/fpu/libg.a(libc_a-exit.o)
                0x0010baa8                exit
 .text.strncpy  0x0010bad8       0xc4 /opt/devkitpro/devkitARM/bin/../lib/gcc/arm-none-eabi/14.2.0/../../../../arm-none-eabi/lib/armv6k/fpu/libg.a(libc_a-strncpy.o)
                0x0010bad8                strncpy
 .text.__libc_init_array
                0x0010bb9c       0x84 /opt/devkitpro/devkitARM/bin/../lib/gcc/arm-none-eabi/14.2.0/../../../../arm-none-eabi/lib/armv6k/fpu/libg.a(libc_a-init.o)
                0x0010bb9c                __libc_init_array
 .text.__sflush_r
                0x0010bc20      0x228 /opt/devkitpro/devkitARM/bin/../lib/gcc/arm-none-eabi/14.2.0/../../../../arm-none-eabi/lib/armv6k/fpu/libg.a(libc_a-fflush.o)
                0x0010bc20                __sflush_r
 .text._fflush_r
                0x0010be48       0x94 /opt/devkitpro/devkitARM/bin/../lib/gcc/arm-none-eabi/14.2.0/../../../../arm-none-eabi/lib/armv6k/fpu/libg.a(libc_a-fflush.o)
                0x0010be48                _fflush_r
 .text._memalign_r
                0x0010bedc      0x150 /opt/devkitpro/devkitARM/bin/../lib/gcc/arm-none-eabi/14.2.0/../../../../arm-none-eabi/lib/armv6k/fpu/libg.a(libc_a-malignr.o)
                0x0010bedc                _memalign_r
 .text.__libc_fini_array
                0x0010c02c       0x3c /opt/devkitpro/devkitARM/bin/../lib/gcc/arm-none-eabi/14.2.0/../../../../arm-none-eabi/lib/armv6k/fpu/libg.a(libc_a-fini.o)
                0x0010c02c                __libc_fini_array
 .text.__sread  0x0010c068       0x44 /opt/devkitpro/devkitARM/bin/../lib/gcc/arm-none-eabi/14.2.0/../../../../arm-none-eabi/lib/armv6k/fpu/libg.a(libc_a-stdio.o)
                0x0010c068                __sread
 .text.__swrite
                0x0010c0ac       0x68 /opt/devkitpro/devkitARM/bin/../lib/gcc/arm-none-eabi/14.2.0/../../../../arm-none-eabi/lib/armv6k/fpu/libg.a(libc_a-stdio.o)
                0x0010c0ac                __swrite
 .text.__sseek  0x0010c114       0x40 /opt/devkitpro/devkitARM/bin/../lib/gcc/arm-none-eabi/14.2.0/../../../../arm-none-eabi/lib/armv6k/fpu/libg.a(libc_a-stdio.o)
                0x0010c114                __sseek
 .text.__sclose
                0x0010c154        0x8 /opt/devkitpro/devkitARM/bin/../lib/gcc/arm-none-eabi/14.2.0/../../../../arm-none-eabi/lib/armv6k/fpu/libg.a(libc_a-stdio.o)
                0x0010c154                __sclose
 .text._fclose_r
                0x0010c15c      0x148 /opt/devkitpro/devkitARM/bin/../lib/gcc/arm-none-eabi/14.2.0/../../../../arm-none-eabi/lib/armv6k/fpu/libg.a(libc_a-fclose.o)
                0x0010c15c                _fclose_r
 .text.__swhatbuf_r
                0x0010c2a4       0x8c /opt/devkitpro/devkitARM/bin/../lib/gcc/arm-none-eabi/14.2.0/../../../../arm-none-eabi/lib/armv6k/fpu/libg.a(libc_a-makebuf.o)
                0x0010c2a4                __swhatbuf_r
 .text._exit    0x0010c330       0x20 /opt/devkitpro/devkitARM/bin/../lib/gcc/arm-none-eabi/14.2.0/../../../../arm-none-eabi/lib/armv6k/fpu/libsysbase.a(libsysbase_libsysbase_a-_exit.o)
                0x0010c330                _exit
 .text.chdir    0x0010c350      0x13c /opt/devkitpro/devkitARM/bin/../lib/gcc/arm-none-eabi/14.2.0/../../../../arm-none-eabi/lib/armv6k/fpu/libsysbase.a(libsysbase_libsysbase_a-chdir.o)
                0x0010c350                chdir
 .text._concatenate_path
                0x0010c48c      0x1cc /opt/devkitpro/devkitARM/bin/../lib/gcc/arm-none-eabi/14.2.0/../../../../arm-none-eabi/lib/armv6k/fpu/libsysbase.a(libsysbase_libsysbase_a-concatenate.o)
                0x0010c48c                _concatenate_path
 .text._fstat_r
                0x0010c658       0x88 /opt/devkitpro/devkitARM/bin/../lib/gcc/arm-none-eabi/14.2.0/../../../../arm-none-eabi/lib/armv6k/fpu/libsysbase.a(libsysbase_libsysbase_a-fstat.o)
                0x0010c658                _fstat_r
 .text.__getreent
                0x0010c6e0       0x2c /opt/devkitpro/devkitARM/bin/../lib/gcc/arm-none-eabi/14.2.0/../../../../arm-none-eabi/lib/armv6k/fpu/libsysbase.a(libsysbase_libsysbase_a-getreent.o)
                0x0010c6e0                __getreent
 .text.__get_handle
                0x0010c70c       0x3c /opt/devkitpro/devkitARM/bin/../lib/gcc/arm-none-eabi/14.2.0/../../../../arm-none-eabi/lib/armv6k/fpu/libsysbase.a(libsysbase_libsysbase_a-handle_manager.o)
                0x0010c70c                __get_handle
 .text._close_r
                0x0010c748       0xf4 /opt/devkitpro/devkitARM/bin/../lib/gcc/arm-none-eabi/14.2.0/../../../../arm-none-eabi/lib/armv6k/fpu/libsysbase.a(libsysbase_libsysbase_a-handle_manager.o)
                0x0010c748                _close_r
 .text.null_write
                0x0010c83c        0x8 /opt/devkitpro/devkitARM/bin/../lib/gcc/arm-none-eabi/14.2.0/../../../../arm-none-eabi/lib/armv6k/fpu/libsysbase.a(libsysbase_libsysbase_a-iosupport.o)
 .text.setDefaultDevice
                0x0010c844       0x18 /opt/devkitpro/devkitARM/bin/../lib/gcc/arm-none-eabi/14.2.0/../../../../arm-none-eabi/lib/armv6k/fpu/libsysbase.a(libsysbase_libsysbase_a-iosupport.o)
                0x0010c844                setDefaultDevice
 .text.FindDevice
                0x0010c85c       0xc8 /opt/devkitpro/devkitARM/bin/../lib/gcc/arm-none-eabi/14.2.0/../../../../arm-none-eabi/lib/armv6k/fpu/libsysbase.a(libsysbase_libsysbase_a-iosupport.o)
                0x0010c85c                FindDevice
 .text.RemoveDevice
                0x0010c924       0x28 /opt/devkitpro/devkitARM/bin/../lib/gcc/arm-none-eabi/14.2.0/../../../../arm-none-eabi/lib/armv6k/fpu/libsysbase.a(libsysbase_libsysbase_a-iosupport.o)
                0x0010c924                RemoveDevice
 .text.AddDevice
                0x0010c94c       0x98 /opt/devkitpro/devkitARM/bin/../lib/gcc/arm-none-eabi/14.2.0/../../../../arm-none-eabi/lib/armv6k/fpu/libsysbase.a(libsysbase_libsysbase_a-iosupport.o)
                0x0010c94c                AddDevice
 .text.GetDeviceOpTab
                0x0010c9e4       0x20 /opt/devkitpro/devkitARM/bin/../lib/gcc/arm-none-eabi/14.2.0/../../../../arm-none-eabi/lib/armv6k/fpu/libsysbase.a(libsysbase_libsysbase_a-iosupport.o)
                0x0010c9e4                GetDeviceOpTab
 .text._lseek_r
                0x0010ca04       0x8c /opt/devkitpro/devkitARM/bin/../lib/gcc/arm-none-eabi/14.2.0/../../../../arm-none-eabi/lib/armv6k/fpu/libsysbase.a(libsysbase_libsysbase_a-lseek.o)
                0x0010ca04                _lseek_r
 .text._read_r  0x0010ca90       0x88 /opt/devkitpro/devkitARM/bin/../lib/gcc/arm-none-eabi/14.2.0/../../../../arm-none-eabi/lib/armv6k/fpu/libsysbase.a(libsysbase_libsysbase_a-read.o)
                0x0010ca90                _read_r
 .text._sbrk_r  0x0010cb18       0x78 /opt/devkitpro/devkitARM/bin/../lib/gcc/arm-none-eabi/14.2.0/../../../../arm-none-eabi/lib/armv6k/fpu/libsysbase.a(libsysbase_libsysbase_a-sbrk.o)
                0x0010cb18                _sbrk_r
 .text.__libc_lock_acquire
                0x0010cb90       0x1c /opt/devkitpro/devkitARM/bin/../lib/gcc/arm-none-eabi/14.2.0/../../../../arm-none-eabi/lib/armv6k/fpu/libsysbase.a(libsysbase_libsysbase_a-syscall_support.o)
                0x0010cb90                __libc_lock_acquire
 .text.__libc_lock_release
                0x0010cbac       0x1c /opt/devkitpro/devkitARM/bin/../lib/gcc/arm-none-eabi/14.2.0/../../../../arm-none-eabi/lib/armv6k/fpu/libsysbase.a(libsysbase_libsysbase_a-syscall_support.o)
                0x0010cbac                __libc_lock_release
 .text.__libc_lock_acquire_recursive
                0x0010cbc8       0x1c /opt/devkitpro/devkitARM/bin/../lib/gcc/arm-none-eabi/14.2.0/../../../../arm-none-eabi/lib/armv6k/fpu/libsysbase.a(libsysbase_libsysbase_a-syscall_support.o)
                0x0010cbc8                __libc_lock_acquire_recursive
 .text.__libc_lock_release_recursive
                0x0010cbe4       0x1c /opt/devkitpro/devkitARM/bin/../lib/gcc/arm-none-eabi/14.2.0/../../../../arm-none-eabi/lib/armv6k/fpu/libsysbase.a(libsysbase_libsysbase_a-syscall_support.o)
                0x0010cbe4                __libc_lock_release_recursive
 .text._write_r
                0x0010cc00       0x88 /opt/devkitpro/devkitARM/bin/../lib/gcc/arm-none-eabi/14.2.0/../../../../arm-none-eabi/lib/armv6k/fpu/libsysbase.a(libsysbase_libsysbase_a-write.o)
                0x0010cc00                _write_r
 .text.strchr   0x0010cc88      0x130 /opt/devkitpro/devkitARM/bin/../lib/gcc/arm-none-eabi/14.2.0/../../../../arm-none-eabi/lib/armv6k/fpu/libg.a(libc_a-strchr.o)
                0x0010cc88                strchr
 .text.strrchr  0x0010cdb8       0x48 /opt/devkitpro/devkitARM/bin/../lib/gcc/arm-none-eabi/14.2.0/../../../../arm-none-eabi/lib/armv6k/fpu/libg.a(libc_a-strrchr.o)
                0x0010cdb8                strrchr
 *(.glue_7)
 .glue_7        0x0010ce00        0x0 linker stubs
 *(.glue_7t)
 .glue_7t       0x0010ce00        0x0 linker stubs
 *(.stub)
 *(.gnu.warning)
 *(.gnu.linkonce.t*)
                0x0010ce00                        . = ALIGN (0x4)
 *(.fini)
 .fini          0x0010ce00        0xc /opt/devkitpro/devkitARM/bin/../lib/gcc/arm-none-eabi/14.2.0/armv6k/fpu/crti.o
                0x0010ce00                _fini
 .fini          0x0010ce0c        0xc /opt/devkitpro/devkitARM/bin/../lib/gcc/arm-none-eabi/14.2.0/armv6k/fpu/crtn.o
                0x0010ce18                        . = ALIGN (0x4)

.vfp11_veneer   0x0010ce18        0x0
 .vfp11_veneer  0x0010ce18        0x0 linker stubs

.v4_bx          0x0010ce18        0x0
 .v4_bx         0x0010ce18        0x0 linker stubs

.iplt           0x0010ce18        0x0
 .iplt          0x0010ce18        0x0 /opt/devkitpro/devkitARM/bin/../lib/gcc/arm-none-eabi/14.2.0/../../../../arm-none-eabi/lib/armv6k/fpu/3dsx_crt0.o
                0x0010d000                        . = ALIGN (0x1000)

.rodata         0x0010d000      0xc9c
 *(.rodata)
 .rodata        0x0010d000        0xc /opt/devkitpro/libctru/lib/libctru.a(archive_dev.o)
 *(.roda)
 *(.rodata.*)
 .rodata.consoleHandleColorEsc
                0x0010d00c       0x6c /opt/devkitpro/libctru/lib/libctru.a(console.o)
 .rodata.consolePrintChar
                0x0010d078        0x6 /opt/devkitpro/libctru/lib/libctru.a(console.o)
 .rodata.con_write
                0x0010d07e       0x46 /opt/devkitpro/libctru/lib/libctru.a(console.o)
 .rodata.str1.4
                0x0010d0c4       0x9c /opt/devkitpro/libctru/lib/libctru.a(console.o)
                                 0x10 (size before relaxing)
 .rodata.dotab_stdout
                0x0010d160       0x80 /opt/devkitpro/libctru/lib/libctru.a(console.o)
 .rodata.grayScale
                0x0010d1e0       0x18 /opt/devkitpro/libctru/lib/libctru.a(console.o)
 .rodata.colorCube
                0x0010d1f8        0x6 /opt/devkitpro/libctru/lib/libctru.a(console.o)
 *fill*         0x0010d1fe        0x2 
 .rodata.colorTable
                0x0010d200       0x30 /opt/devkitpro/libctru/lib/libctru.a(console.o)
 .rodata.aptSendCommand.str1.4
                0x0010d230       0x16 /opt/devkitpro/libctru/lib/libctru.a(apt.o)
 .rodata.aptEventHandler
                0x0010d230        0xb /opt/devkitpro/libctru/lib/libctru.a(apt.o)
 .rodata.aptWaitForWakeUp.isra.0
                0x0010d23b       0x11 /opt/devkitpro/libctru/lib/libctru.a(apt.o)
 .rodata.morton_y.2
                0x0010d24c        0x8 /opt/devkitpro/libctru/lib/libctru.a(apt.o)
 .rodata.morton_x.3
                0x0010d254        0x8 /opt/devkitpro/libctru/lib/libctru.a(apt.o)
 .rodata.s_sleepWakeEvents.4
                0x0010d25c        0x8 /opt/devkitpro/libctru/lib/libctru.a(apt.o)
 .rodata.gspInit.str1.4
                0x0010d264        0x9 /opt/devkitpro/libctru/lib/libctru.a(gspgpu.o)
 .rodata.hidInit.str1.4
                0x0010d264       0x15 /opt/devkitpro/libctru/lib/libctru.a(hid.o)
 .rodata.irrstInit.str1.4
                0x0010d264        0x7 /opt/devkitpro/libctru/lib/libctru.a(irrst.o)
 .rodata.__system_initArgv.str1.4
                0x0010d264        0xa /opt/devkitpro/libctru/lib/libctru.a(initArgv.o)
 .rodata.default_font_bin
                0x0010d264      0x800 /opt/devkitpro/libctru/lib/libctru.a(default_font.bin.o)
                0x0010d264                default_font_bin
                0x0010da64                default_font_bin_end
 .rodata.srvInit.str1.4
                0x0010da64        0x5 /opt/devkitpro/libctru/lib/libctru.a(srv.o)
 .rodata.ptmSysmInit.str1.4
                0x0010da64        0x9 /opt/devkitpro/libctru/lib/libctru.a(ptmsysm.o)
 .rodata.archive_utf16path.str1.4
                0x0010da64        0x2 /opt/devkitpro/libctru/lib/libctru.a(archive_dev.o)
 .rodata._archiveUnmountDeviceStruct.part.0.str1.4
                0x0010da64        0x2 /opt/devkitpro/libctru/lib/libctru.a(archive_dev.o)
 .rodata._archiveMountDevice.str1.4
                0x0010da64        0xc /opt/devkitpro/libctru/lib/libctru.a(archive_dev.o)
 .rodata.archiveMountSdmc.str1.4
                0x0010da64        0x5 /opt/devkitpro/libctru/lib/libctru.a(archive_dev.o)
 .rodata.error_table
                0x0010da64       0x30 /opt/devkitpro/libctru/lib/libctru.a(archive_dev.o)
 .rodata.str1.4
                0x0010da94        0x8 /opt/devkitpro/libctru/lib/libctru.a(archive_dev.o)
 .rodata.archive_devoptab
                0x0010da94       0x80 /opt/devkitpro/libctru/lib/libctru.a(archive_dev.o)
 .rodata.fsInit.str1.4
                0x0010db14        0x8 /opt/devkitpro/libctru/lib/libctru.a(fs.o)
 .rodata._ctype_
                0x0010db14      0x101 /opt/devkitpro/devkitARM/bin/../lib/gcc/arm-none-eabi/14.2.0/../../../../arm-none-eabi/lib/armv6k/fpu/libg.a(libc_a-ctype_.o)
                0x0010db14                _ctype_
 .rodata.AddDevice.str1.4
                0x0010dc15        0x8 /opt/devkitpro/devkitARM/bin/../lib/gcc/arm-none-eabi/14.2.0/../../../../arm-none-eabi/lib/armv6k/fpu/libsysbase.a(libsysbase_libsysbase_a-iosupport.o)
 *fill*         0x0010dc15        0x3 
 .rodata.dotab_stdnull
                0x0010dc18       0x80 /opt/devkitpro/devkitARM/bin/../lib/gcc/arm-none-eabi/14.2.0/../../../../arm-none-eabi/lib/armv6k/fpu/libsysbase.a(libsysbase_libsysbase_a-iosupport.o)
                0x0010dc18                dotab_stdnull
 *all.rodata*(*)
 *(.gnu.linkonce.r*)
                0x0010dc98                        . = ALIGN (0x4)
                0x0010dc98                        __tdata_align = .
                0x0010dc98        0x4 LONG 0x4 ALIGNOF (.tdata)
                0x0010dc9c                        . = ALIGN (0x4)

.eh_frame       0x0010dc9c        0x0
 .eh_frame      0x0010dc9c        0x0 /opt/devkitpro/devkitARM/bin/../lib/gcc/arm-none-eabi/14.2.0/armv6k/fpu/crtbegin.o

.rel.dyn        0x0010dc9c        0x0
 .rel.iplt      0x0010dc9c        0x0 /opt/devkitpro/devkitARM/bin/../lib/gcc/arm-none-eabi/14.2.0/../../../../arm-none-eabi/lib/armv6k/fpu/3dsx_crt0.o
 .rel.got       0x0010dc9c        0x0 /opt/devkitpro/devkitARM/bin/../lib/gcc/arm-none-eabi/14.2.0/../../../../arm-none-eabi/lib/armv6k/fpu/3dsx_crt0.o

.ARM.extab
 *(.ARM.extab* .gnu.linkonce.armextab.*)
                0x0010dc9c                        __exidx_start = .

.ARM.exidx
 *(.ARM.exidx* .gnu.linkonce.armexidx.*)
                0x0010dc9c                        __exidx_end = .
                0x0010e000                        . = ALIGN (0x1000)

.data           0x0010e000     0x1a5c
 *(.data)
 *(.data.*)
 .data.firstConsoleInit.0
                0x0010e000        0x1 /opt/devkitpro/libctru/lib/libctru.a(console.o)
 *fill*         0x0010e001        0x3 
 .data.currentConsole
                0x0010e004        0x4 /opt/devkitpro/libctru/lib/libctru.a(console.o)
                0x0010e004                currentConsole
 .data.defaultConsole
                0x0010e008       0x48 /opt/devkitpro/libctru/lib/libctru.a(console.o)
                0x0010e008                defaultConsole
 .data.aptChainloadDeliverArgSize
                0x0010e050        0x4 /opt/devkitpro/libctru/lib/libctru.a(apt.o)
 .data.kCount   0x0010e054        0x4 /opt/devkitpro/libctru/lib/libctru.a(hid.o)
 .data.kInterval
                0x0010e058        0x4 /opt/devkitpro/libctru/lib/libctru.a(hid.o)
 .data.kDelay   0x0010e05c        0x4 /opt/devkitpro/libctru/lib/libctru.a(hid.o)
 .data.__stacksize__
                0x0010e060        0x4 /opt/devkitpro/libctru/lib/libctru.a(stack_adjust.o)
                0x0010e060                __stacksize__
 .data._impure_ptr
                0x0010e064        0x4 /opt/devkitpro/devkitARM/bin/../lib/gcc/arm-none-eabi/14.2.0/../../../../arm-none-eabi/lib/armv6k/fpu/libg.a(libc_a-impure.o)
                0x0010e064                _impure_ptr
 .data._impure_data
                0x0010e068      0x120 /opt/devkitpro/devkitARM/bin/../lib/gcc/arm-none-eabi/14.2.0/../../../../arm-none-eabi/lib/armv6k/fpu/libg.a(libc_a-impure.o)
                0x0010e068                _impure_data
 .data.__sglue  0x0010e188        0xc /opt/devkitpro/devkitARM/bin/../lib/gcc/arm-none-eabi/14.2.0/../../../../arm-none-eabi/lib/armv6k/fpu/libg.a(libc_a-findfp.o)
                0x0010e188                __sglue
 .data.__malloc_sbrk_base
                0x0010e194        0x4 /opt/devkitpro/devkitARM/bin/../lib/gcc/arm-none-eabi/14.2.0/../../../../arm-none-eabi/lib/armv6k/fpu/libg.a(libc_a-mallocr.o)
                0x0010e194                __malloc_sbrk_base
 .data.__malloc_trim_threshold
                0x0010e198        0x4 /opt/devkitpro/devkitARM/bin/../lib/gcc/arm-none-eabi/14.2.0/../../../../arm-none-eabi/lib/armv6k/fpu/libg.a(libc_a-mallocr.o)
                0x0010e198                __malloc_trim_threshold
 *fill*         0x0010e19c        0x4 
 .data.__malloc_av_
                0x0010e1a0      0x408 /opt/devkitpro/devkitARM/bin/../lib/gcc/arm-none-eabi/14.2.0/../../../../arm-none-eabi/lib/armv6k/fpu/libg.a(libc_a-mallocr.o)
                0x0010e1a0                __malloc_av_
 .data._current_working_directory
                0x0010e5a8      0x400 /opt/devkitpro/devkitARM/bin/../lib/gcc/arm-none-eabi/14.2.0/../../../../arm-none-eabi/lib/armv6k/fpu/libsysbase.a(libsysbase_libsysbase_a-chdir.o)
 .data.handles  0x0010e9a8     0x1000 /opt/devkitpro/devkitARM/bin/../lib/gcc/arm-none-eabi/14.2.0/../../../../arm-none-eabi/lib/armv6k/fpu/libsysbase.a(libsysbase_libsysbase_a-handle_manager.o)
 .data.__stderr_handle
                0x0010f9a8        0xc /opt/devkitpro/devkitARM/bin/../lib/gcc/arm-none-eabi/14.2.0/../../../../arm-none-eabi/lib/armv6k/fpu/libsysbase.a(libsysbase_libsysbase_a-handle_manager.o)
 .data.__stdout_handle
                0x0010f9b4        0xc /opt/devkitpro/devkitARM/bin/../lib/gcc/arm-none-eabi/14.2.0/../../../../arm-none-eabi/lib/armv6k/fpu/libsysbase.a(libsysbase_libsysbase_a-handle_manager.o)
 .data.__stdin_handle
                0x0010f9c0        0xc /opt/devkitpro/devkitARM/bin/../lib/gcc/arm-none-eabi/14.2.0/../../../../arm-none-eabi/lib/armv6k/fpu/libsysbase.a(libsysbase_libsysbase_a-handle_manager.o)
 .data.devoptab_list
                0x0010f9cc       0x8c /opt/devkitpro/devkitARM/bin/../lib/gcc/arm-none-eabi/14.2.0/../../../../arm-none-eabi/lib/armv6k/fpu/libsysbase.a(libsysbase_libsysbase_a-iosupport.o)
                0x0010f9cc                devoptab_list
 .data.defaultDevice
                0x0010fa58        0x4 /opt/devkitpro/devkitARM/bin/../lib/gcc/arm-none-eabi/14.2.0/../../../../arm-none-eabi/lib/armv6k/fpu/libsysbase.a(libsysbase_libsysbase_a-iosupport.o)
 *(.gnu.linkonce.d*)
                0x0010fa5c                        . = ALIGN (0x4)

.igot.plt       0x0010fa5c        0x0
 .igot.plt      0x0010fa5c        0x0 /opt/devkitpro/devkitARM/bin/../lib/gcc/arm-none-eabi/14.2.0/../../../../arm-none-eabi/lib/armv6k/fpu/3dsx_crt0.o

.got            0x0010fa5c        0x8
 .got           0x0010fa5c        0x8 /opt/devkitpro/devkitARM/bin/../lib/gcc/arm-none-eabi/14.2.0/../../../../arm-none-eabi/lib/armv6k/fpu/3dsx_crt0.o

.got.plt        0x0010fa64        0xc
 .got.plt       0x0010fa64        0xc /opt/devkitpro/devkitARM/bin/../lib/gcc/arm-none-eabi/14.2.0/../../../../arm-none-eabi/lib/armv6k/fpu/3dsx_crt0.o
                0x0010fa64                _GLOBAL_OFFSET_TABLE_

.tdata          0x0010fa70        0x0
                0x0010fa70                        __tdata_lma = .
 *(.tdata)
 *(.tdata.*)
 *(.gnu.linkonce.td.*)
                0x0010fa70                        . = ALIGN (0x4)
                0x0010fa70                        __tdata_lma_end = .

.tbss           0x0010fa70      0xc08
 *(.tbss)
 *(.tbss.*)
 .tbss.__ctru_dev_utf16_buf
                0x0010fa70      0x802 /opt/devkitpro/libctru/lib/libctru.a(path_buf.o)
                0x0010fa70                __ctru_dev_utf16_buf
 *fill*         0x00110272        0x2 
 .tbss.__ctru_dev_path_buf
                0x00110274      0x401 /opt/devkitpro/libctru/lib/libctru.a(path_buf.o)
                0x00110274                __ctru_dev_path_buf
 *(.gnu.linkonce.tb.*)
 *(.tcommon)
                0x00110678                        . = ALIGN (0x4)
 *fill*         0x00110675        0x3 

.preinit_array  0x0010fa70        0x0
                0x0010fa70                        PROVIDE (__preinit_array_start = .)
 *(.preinit_array)
                0x0010fa70                        PROVIDE (__preinit_array_end = .)

.init_array     0x0010fa70        0x4
                0x0010fa70                        PROVIDE (__init_array_start = .)
 *(SORT_BY_NAME(.init_array.*))
 *(.init_array)
 .init_array    0x0010fa70        0x4 /opt/devkitpro/devkitARM/bin/../lib/gcc/arm-none-eabi/14.2.0/armv6k/fpu/crtbegin.o
                0x0010fa74                        PROVIDE (__init_array_end = .)

.fini_array     0x0010fa74        0x4
                0x0010fa74                        PROVIDE (__fini_array_start = .)
 *(.fini_array)
 .fini_array    0x0010fa74        0x4 /opt/devkitpro/devkitARM/bin/../lib/gcc/arm-none-eabi/14.2.0/armv6k/fpu/crtbegin.o
 *(SORT_BY_NAME(.fini_array.*))
                0x0010fa78                        PROVIDE (__fini_array_end = .)

.ctors
 *crtbegin.o(.ctors)
 *(EXCLUDE_FILE(*crtend.o) .ctors)
 *(SORT_BY_NAME(.ctors.*))
 *(.ctors)

.dtors
 *crtbegin.o(.dtors)
 *(EXCLUDE_FILE(*crtend.o) .dtors)
 *(SORT_BY_NAME(.dtors.*))
 *(.dtors)
                0x0010fa78                        __bss_start__ = .

.bss            0x0010fa78     0x2de4
 *(.dynbss)
 *(.bss)
 *(.bss.*)
 .bss.completed.1
                0x0010fa78        0x1 /opt/devkitpro/devkitARM/bin/../lib/gcc/arm-none-eabi/14.2.0/armv6k/fpu/crtbegin.o
 *fill*         0x0010fa79        0x3 
 .bss.object.0  0x0010fa7c       0x18 /opt/devkitpro/devkitARM/bin/../lib/gcc/arm-none-eabi/14.2.0/armv6k/fpu/crtbegin.o
 .bss.escapeSeq
                0x0010fa94       0x1c /opt/devkitpro/libctru/lib/libctru.a(console.o)
 .bss.currentCopy
                0x0010fab0       0x48 /opt/devkitpro/libctru/lib/libctru.a(console.o)
                0x0010fab0                currentCopy
 .bss.screenAlloc
                0x0010faf8        0x4 /opt/devkitpro/libctru/lib/libctru.a(gfx.o)
 .bss.screenFree
                0x0010fafc        0x4 /opt/devkitpro/libctru/lib/libctru.a(gfx.o)
 .bss.gfxIsDoubleBuf
                0x0010fb00        0x2 /opt/devkitpro/libctru/lib/libctru.a(gfx.o)
 *fill*         0x0010fb02        0x2 
 .bss.gfxCurBuf
                0x0010fb04        0x2 /opt/devkitpro/libctru/lib/libctru.a(gfx.o)
 .bss.gfxIsVram
                0x0010fb06        0x1 /opt/devkitpro/libctru/lib/libctru.a(gfx.o)
 .bss.gfxTopMode
                0x0010fb07        0x1 /opt/devkitpro/libctru/lib/libctru.a(gfx.o)
 .bss.gfxFramebufferFormats
                0x0010fb08        0x2 /opt/devkitpro/libctru/lib/libctru.a(gfx.o)
 *fill*         0x0010fb0a        0x2 
 .bss.gfxBottomFramebufferMaxSize
                0x0010fb0c        0x4 /opt/devkitpro/libctru/lib/libctru.a(gfx.o)
 .bss.gfxTopFramebufferMaxSize
                0x0010fb10        0x4 /opt/devkitpro/libctru/lib/libctru.a(gfx.o)
 *fill*         0x0010fb14        0x4 
 .bss.gfxBottomFramebuffers
                0x0010fb18        0x8 /opt/devkitpro/libctru/lib/libctru.a(gfx.o)
 .bss.gfxTopFramebuffers
                0x0010fb20        0x8 /opt/devkitpro/libctru/lib/libctru.a(gfx.o)
 .bss.flagValue.0
                0x0010fb28        0x1 /opt/devkitpro/libctru/lib/libctru.a(apt.o)
 .bss.flagInit.1
                0x0010fb29        0x1 /opt/devkitpro/libctru/lib/libctru.a(apt.o)
 *fill*         0x0010fb2a        0x2 
 .bss.serviceName.6
                0x0010fb2c        0x4 /opt/devkitpro/libctru/lib/libctru.a(apt.o)
 .bss.aptChainloadFlags
                0x0010fb30        0x1 /opt/devkitpro/libctru/lib/libctru.a(apt.o)
 .bss.aptChainloadMediatype
                0x0010fb31        0x1 /opt/devkitpro/libctru/lib/libctru.a(apt.o)
 *fill*         0x0010fb32        0x2 
 .bss.aptChainloadHmac
                0x0010fb34       0x20 /opt/devkitpro/libctru/lib/libctru.a(apt.o)
 .bss.aptChainloadDeliverArg
                0x0010fb54      0x300 /opt/devkitpro/libctru/lib/libctru.a(apt.o)
 *fill*         0x0010fe54        0x4 
 .bss.aptChainloadTid
                0x0010fe58        0x8 /opt/devkitpro/libctru/lib/libctru.a(apt.o)
 .bss.aptParameters
                0x0010fe60     0x1000 /opt/devkitpro/libctru/lib/libctru.a(apt.o)
 .bss.aptFlags  0x00110e60        0x4 /opt/devkitpro/libctru/lib/libctru.a(apt.o)
 .bss.aptHomeButtonState
                0x00110e64        0x1 /opt/devkitpro/libctru/lib/libctru.a(apt.o)
 *fill*         0x00110e65        0x3 
 .bss.aptMessageFuncData
                0x00110e68        0x4 /opt/devkitpro/libctru/lib/libctru.a(apt.o)
 .bss.aptMessageFunc
                0x00110e6c        0x4 /opt/devkitpro/libctru/lib/libctru.a(apt.o)
 .bss.aptFirstHook
                0x00110e70        0xc /opt/devkitpro/libctru/lib/libctru.a(apt.o)
 .bss.aptEventHandlerThreadQuit
                0x00110e7c        0x1 /opt/devkitpro/libctru/lib/libctru.a(apt.o)
 *fill*         0x00110e7d        0x3 
 .bss.aptEventHandlerThread
                0x00110e80        0x4 /opt/devkitpro/libctru/lib/libctru.a(apt.o)
 .bss.aptSleepEvent
                0x00110e84        0x8 /opt/devkitpro/libctru/lib/libctru.a(apt.o)
 .bss.aptReceiveEvent
                0x00110e8c        0x8 /opt/devkitpro/libctru/lib/libctru.a(apt.o)
 .bss.aptEvents
                0x00110e94        0x8 /opt/devkitpro/libctru/lib/libctru.a(apt.o)
 .bss.aptLockHandle
                0x00110e9c        0x4 /opt/devkitpro/libctru/lib/libctru.a(apt.o)
 .bss.aptRefCount
                0x00110ea0        0x4 /opt/devkitpro/libctru/lib/libctru.a(apt.o)
 .bss.gspEventCbOneShot
                0x00110ea4        0x7 /opt/devkitpro/libctru/lib/libctru.a(gspgpu.o)
 *fill*         0x00110eab        0x1 
 .bss.gspEventCbData
                0x00110eac       0x1c /opt/devkitpro/libctru/lib/libctru.a(gspgpu.o)
 .bss.gspEventCb
                0x00110ec8       0x1c /opt/devkitpro/libctru/lib/libctru.a(gspgpu.o)
 .bss.gspEvents
                0x00110ee4       0x38 /opt/devkitpro/libctru/lib/libctru.a(gspgpu.o)
 .bss.gspLastEvent
                0x00110f1c        0x4 /opt/devkitpro/libctru/lib/libctru.a(gspgpu.o)
 .bss.gspRunEvents
                0x00110f20        0x1 /opt/devkitpro/libctru/lib/libctru.a(gspgpu.o)
 *fill*         0x00110f21        0x3 
 .bss.gspEventThread
                0x00110f24        0x4 /opt/devkitpro/libctru/lib/libctru.a(gspgpu.o)
 .bss.gspEvent  0x00110f28        0x4 /opt/devkitpro/libctru/lib/libctru.a(gspgpu.o)
 .bss.gspGpuRight
                0x00110f2c        0x1 /opt/devkitpro/libctru/lib/libctru.a(gspgpu.o)
 .bss.gspThreadId
                0x00110f2d        0x1 /opt/devkitpro/libctru/lib/libctru.a(gspgpu.o)
 *fill*         0x00110f2e        0x2 
 .bss.gspSharedMem
                0x00110f30        0x4 /opt/devkitpro/libctru/lib/libctru.a(gspgpu.o)
 .bss.gspSharedMemHandle
                0x00110f34        0x4 /opt/devkitpro/libctru/lib/libctru.a(gspgpu.o)
 .bss.gspRefCount
                0x00110f38        0x4 /opt/devkitpro/libctru/lib/libctru.a(gspgpu.o)
 .bss.gspGpuHandle
                0x00110f3c        0x4 /opt/devkitpro/libctru/lib/libctru.a(gspgpu.o)
 .bss.usingIrrst
                0x00110f40        0x1 /opt/devkitpro/libctru/lib/libctru.a(hid.o)
 *fill*         0x00110f41        0x3 
 .bss.hidRefCount
                0x00110f44        0x4 /opt/devkitpro/libctru/lib/libctru.a(hid.o)
 .bss.gRate     0x00110f48        0x6 /opt/devkitpro/libctru/lib/libctru.a(hid.o)
 *fill*         0x00110f4e        0x2 
 .bss.aVec      0x00110f50        0x6 /opt/devkitpro/libctru/lib/libctru.a(hid.o)
 *fill*         0x00110f56        0x2 
 .bss.cPos      0x00110f58        0x4 /opt/devkitpro/libctru/lib/libctru.a(hid.o)
 .bss.tPos      0x00110f5c        0x4 /opt/devkitpro/libctru/lib/libctru.a(hid.o)
 .bss.kRepeat   0x00110f60        0x4 /opt/devkitpro/libctru/lib/libctru.a(hid.o)
 .bss.kUp       0x00110f64        0x4 /opt/devkitpro/libctru/lib/libctru.a(hid.o)
 .bss.kDown     0x00110f68        0x4 /opt/devkitpro/libctru/lib/libctru.a(hid.o)
 .bss.kHeld     0x00110f6c        0x4 /opt/devkitpro/libctru/lib/libctru.a(hid.o)
 .bss.kOld      0x00110f70        0x4 /opt/devkitpro/libctru/lib/libctru.a(hid.o)
 .bss.hidSharedMem
                0x00110f74        0x4 /opt/devkitpro/libctru/lib/libctru.a(hid.o)
                0x00110f74                hidSharedMem
 .bss.hidEvents
                0x00110f78       0x14 /opt/devkitpro/libctru/lib/libctru.a(hid.o)
                0x00110f78                hidEvents
 .bss.hidMemHandle
                0x00110f8c        0x4 /opt/devkitpro/libctru/lib/libctru.a(hid.o)
                0x00110f8c                hidMemHandle
 .bss.hidHandle
                0x00110f90        0x4 /opt/devkitpro/libctru/lib/libctru.a(hid.o)
                0x00110f90                hidHandle
 .bss.irrstRefCount
                0x00110f94        0x4 /opt/devkitpro/libctru/lib/libctru.a(irrst.o)
 .bss.csPos     0x00110f98        0x4 /opt/devkitpro/libctru/lib/libctru.a(irrst.o)
 .bss.kHeld     0x00110f9c        0x4 /opt/devkitpro/libctru/lib/libctru.a(irrst.o)
 .bss.irrstSharedMem
                0x00110fa0        0x4 /opt/devkitpro/libctru/lib/libctru.a(irrst.o)
                0x00110fa0                irrstSharedMem
 .bss.irrstEvent
                0x00110fa4        0x4 /opt/devkitpro/libctru/lib/libctru.a(irrst.o)
                0x00110fa4                irrstEvent
 .bss.irrstMemHandle
                0x00110fa8        0x4 /opt/devkitpro/libctru/lib/libctru.a(irrst.o)
                0x00110fa8                irrstMemHandle
 .bss.irrstHandle
                0x00110fac        0x4 /opt/devkitpro/libctru/lib/libctru.a(irrst.o)
                0x00110fac                irrstHandle
 .bss.__system_retAddr
                0x00110fb0        0x4 /opt/devkitpro/libctru/lib/libctru.a(ctru_init.o)
                0x00110fb0                __system_retAddr
 .bss.__system_argv
                0x00110fb4        0x4 /opt/devkitpro/libctru/lib/libctru.a(initArgv.o)
                0x00110fb4                __system_argv
 .bss.__system_argc
                0x00110fb8        0x4 /opt/devkitpro/libctru/lib/libctru.a(initArgv.o)
                0x00110fb8                __system_argc
 .bss.saved_stack.42
                0x00110fbc        0x8 /opt/devkitpro/libctru/lib/libctru.a(stack_adjust.o)
 *fill*         0x00110fc4        0x4 
 .bss._ZL11sLinearPool
                0x00110fc8        0x8 /opt/devkitpro/libctru/lib/libctru.a(linear.o)
 .bss._ZL8sAddrMap
                0x00110fd0        0xc /opt/devkitpro/libctru/lib/libctru.a(linear.o)
 *fill*         0x00110fdc        0x4 
 .bss._ZL10sVramPoolB
                0x00110fe0        0x8 /opt/devkitpro/libctru/lib/libctru.a(vram.o)
 .bss._ZL10sVramPoolA
                0x00110fe8        0x8 /opt/devkitpro/libctru/lib/libctru.a(vram.o)
 .bss._ZL8sAddrMap
                0x00110ff0        0xc /opt/devkitpro/libctru/lib/libctru.a(vram.o)
 .bss.__3dslink_host
                0x00110ffc        0x4 /opt/devkitpro/libctru/lib/libctru.a(3dslink.o)
                0x00110ffc                __3dslink_host
 .bss.__ctru_speedup
                0x00111000        0x1 /opt/devkitpro/libctru/lib/libctru.a(os.o)
                0x00111000                __ctru_speedup
 *fill*         0x00111001        0x3 
 .bss.srvRefCount
                0x00111004        0x4 /opt/devkitpro/libctru/lib/libctru.a(srv.o)
 .bss.srvHandle
                0x00111008        0x4 /opt/devkitpro/libctru/lib/libctru.a(srv.o)
 .bss.arbiter   0x0011100c        0x4 /opt/devkitpro/libctru/lib/libctru.a(synchronization.o)
 .bss.currentAddr
                0x00111010        0x4 /opt/devkitpro/libctru/lib/libctru.a(mappable.o)
 .bss.maxAddr   0x00111014        0x4 /opt/devkitpro/libctru/lib/libctru.a(mappable.o)
 .bss.minAddr   0x00111018        0x4 /opt/devkitpro/libctru/lib/libctru.a(mappable.o)
 .bss.ptmSysmRefCount
                0x0011101c        0x4 /opt/devkitpro/libctru/lib/libctru.a(ptmsysm.o)
 .bss.ptmSysmHandle
                0x00111020        0x4 /opt/devkitpro/libctru/lib/libctru.a(ptmsysm.o)
 .bss.srvPmHandle
                0x00111024        0x4 /opt/devkitpro/libctru/lib/libctru.a(srvpm.o)
 .bss.__ctru_linear_heap_size
                0x00111028        0x4 /opt/devkitpro/libctru/lib/libctru.a(allocateHeaps.o)
                0x00111028                __ctru_linear_heap_size
 .bss.__ctru_heap_size
                0x0011102c        0x4 /opt/devkitpro/libctru/lib/libctru.a(allocateHeaps.o)
                0x0011102c                __ctru_heap_size
 .bss.__ctru_linear_heap
                0x00111030        0x4 /opt/devkitpro/libctru/lib/libctru.a(allocateHeaps.o)
                0x00111030                __ctru_linear_heap
 .bss.__ctru_heap
                0x00111034        0x4 /opt/devkitpro/libctru/lib/libctru.a(allocateHeaps.o)
                0x00111034                __ctru_heap
 .bss.archive_devices
                0x00111038      0x5c0 /opt/devkitpro/libctru/lib/libctru.a(archive_dev.o)
 .bss.archive_device_cwd
                0x001115f8        0x4 /opt/devkitpro/libctru/lib/libctru.a(archive_dev.o)
 .bss.archive_initialized
                0x001115fc        0x1 /opt/devkitpro/libctru/lib/libctru.a(archive_dev.o)
 *fill*         0x001115fd        0x3 
 .bss.fsExemptArchives
                0x00111600       0x80 /opt/devkitpro/libctru/lib/libctru.a(fs.o)
 .bss.fsuRefCount
                0x00111680        0x4 /opt/devkitpro/libctru/lib/libctru.a(fs.o)
 .bss.fsuHandle
                0x00111684        0x4 /opt/devkitpro/libctru/lib/libctru.a(fs.o)
 .bss.__sfp_recursive_mutex
                0x00111688        0xc /opt/devkitpro/devkitARM/bin/../lib/gcc/arm-none-eabi/14.2.0/../../../../arm-none-eabi/lib/armv6k/fpu/libg.a(libc_a-findfp.o)
 *fill*         0x00111694        0x4 
 .bss.__sf      0x00111698      0x168 /opt/devkitpro/devkitARM/bin/../lib/gcc/arm-none-eabi/14.2.0/../../../../arm-none-eabi/lib/armv6k/fpu/libg.a(libc_a-findfp.o)
                0x00111698                __sf
 .bss.__stdio_exit_handler
                0x00111800        0x4 /opt/devkitpro/devkitARM/bin/../lib/gcc/arm-none-eabi/14.2.0/../../../../arm-none-eabi/lib/armv6k/fpu/libg.a(libc_a-findfp.o)
                0x00111800                __stdio_exit_handler
 .bss.__malloc_current_mallinfo
                0x00111804       0x28 /opt/devkitpro/devkitARM/bin/../lib/gcc/arm-none-eabi/14.2.0/../../../../arm-none-eabi/lib/armv6k/fpu/libg.a(libc_a-mallocr.o)
                0x00111804                __malloc_current_mallinfo
 .bss.__malloc_max_total_mem
                0x0011182c        0x4 /opt/devkitpro/devkitARM/bin/../lib/gcc/arm-none-eabi/14.2.0/../../../../arm-none-eabi/lib/armv6k/fpu/libg.a(libc_a-mallocr.o)
                0x0011182c                __malloc_max_total_mem
 .bss.__malloc_max_sbrked_mem
                0x00111830        0x4 /opt/devkitpro/devkitARM/bin/../lib/gcc/arm-none-eabi/14.2.0/../../../../arm-none-eabi/lib/armv6k/fpu/libg.a(libc_a-mallocr.o)
                0x00111830                __malloc_max_sbrked_mem
 .bss.__malloc_top_pad
                0x00111834        0x4 /opt/devkitpro/devkitARM/bin/../lib/gcc/arm-none-eabi/14.2.0/../../../../arm-none-eabi/lib/armv6k/fpu/libg.a(libc_a-mallocr.o)
                0x00111834                __malloc_top_pad
 .bss.__malloc_recursive_mutex
                0x00111838        0xc /opt/devkitpro/devkitARM/bin/../lib/gcc/arm-none-eabi/14.2.0/../../../../arm-none-eabi/lib/armv6k/fpu/libg.a(libc_a-mlock.o)
 .bss.temp_cwd  0x00111844      0x400 /opt/devkitpro/devkitARM/bin/../lib/gcc/arm-none-eabi/14.2.0/../../../../arm-none-eabi/lib/armv6k/fpu/libsysbase.a(libsysbase_libsysbase_a-chdir.o)
 .bss.__hndl_lock
                0x00111c44        0x4 /opt/devkitpro/devkitARM/bin/../lib/gcc/arm-none-eabi/14.2.0/../../../../arm-none-eabi/lib/armv6k/fpu/libsysbase.a(libsysbase_libsysbase_a-handle_manager.o)
 .bss.fake_heap_start
                0x00111c48        0x4 /opt/devkitpro/devkitARM/bin/../lib/gcc/arm-none-eabi/14.2.0/../../../../arm-none-eabi/lib/armv6k/fpu/libsysbase.a(libsysbase_libsysbase_a-malloc_vars.o)
                0x00111c48                fake_heap_start
 .bss.fake_heap_end
                0x00111c4c        0x4 /opt/devkitpro/devkitARM/bin/../lib/gcc/arm-none-eabi/14.2.0/../../../../arm-none-eabi/lib/armv6k/fpu/libsysbase.a(libsysbase_libsysbase_a-malloc_vars.o)
                0x00111c4c                fake_heap_end
 .bss.heap_start.0
                0x00111c50        0x4 /opt/devkitpro/devkitARM/bin/../lib/gcc/arm-none-eabi/14.2.0/../../../../arm-none-eabi/lib/armv6k/fpu/libsysbase.a(libsysbase_libsysbase_a-sbrk.o)
 *(.gnu.linkonce.b*)
 *(COMMON)
                0x00111c54                        . = (0x8 + ABSOLUTE (ALIGN (ABSOLUTE ((. - 0x8)), MAX (ALIGNOF (.tdata), ALIGNOF (.tbss)))))
                0x00111c54                        __tls_start = .
                0x00111c54                        . = (. + SIZEOF (.tdata))
                0x00111c54                        . = ALIGN (ALIGNOF (.tbss))
                0x0011285c                        . = (. + SIZEOF (.tbss))
 *fill*         0x00111c54      0xc08 
                0x0011285c                        __tls_end = .
                0x0011285c                        __bss_end__ = .
                0x0011285c                        __end__ = ABSOLUTE (.)

/DISCARD/
 *(.group .comment .note)

.stab
 *(.stab)

.stabstr
 *(.stabstr)

.stab.excl
 *(.stab.excl)

.stab.exclstr
 *(.stab.exclstr)

.stab.index
 *(.stab.index)

.stab.indexstr
 *(.stab.indexstr)

.debug
 *(.debug)

.line
 *(.line)

.debug_srcinfo
 *(.debug_srcinfo)

.debug_sfnames
 *(.debug_sfnames)

.debug_aranges  0x00000000     0x1680
 *(.debug_aranges)
 .debug_aranges
                0x00000000       0x20 main.o
 .debug_aranges
                0x00000020       0x88 /opt/devkitpro/libctru/lib/libctru.a(console.o)
 .debug_aranges
                0x000000a8       0xa0 /opt/devkitpro/libctru/lib/libctru.a(gfx.o)
 .debug_aranges
                0x00000148      0x268 /opt/devkitpro/libctru/lib/libctru.a(apt.o)
 .debug_aranges
                0x000003b0      0x108 /opt/devkitpro/libctru/lib/libctru.a(gspgpu.o)
 .debug_aranges
                0x000004b8       0xd0 /opt/devkitpro/libctru/lib/libctru.a(hid.o)
 .debug_aranges
                0x00000588       0x68 /opt/devkitpro/libctru/lib/libctru.a(irrst.o)
 .debug_aranges
                0x000005f0       0x20 /opt/devkitpro/libctru/lib/libctru.a(ctru_init.o)
 .debug_aranges
                0x00000610       0x20 /opt/devkitpro/libctru/lib/libctru.a(initArgv.o)
 .debug_aranges
                0x00000630       0xe0 /opt/devkitpro/libctru/lib/libctru.a(syscalls.o)
 .debug_aranges
                0x00000710      0x330 /opt/devkitpro/libctru/lib/libctru.a(svc.o)
 .debug_aranges
                0x00000a40       0x28 /opt/devkitpro/libctru/lib/libctru.a(stack_adjust.o)
 .debug_aranges
                0x00000a68       0x58 /opt/devkitpro/libctru/lib/libctru.a(linear.o)
 .debug_aranges
                0x00000ac0       0x38 /opt/devkitpro/libctru/lib/libctru.a(mem_pool.o)
 .debug_aranges
                0x00000af8       0x68 /opt/devkitpro/libctru/lib/libctru.a(vram.o)
 .debug_aranges
                0x00000b60       0x20 /opt/devkitpro/libctru/lib/libctru.a(3dslink.o)
 .debug_aranges
                0x00000b80       0x28 /opt/devkitpro/libctru/lib/libctru.a(env.o)
 .debug_aranges
                0x00000ba8       0x58 /opt/devkitpro/libctru/lib/libctru.a(os.o)
 .debug_aranges
                0x00000c00       0xc0 /opt/devkitpro/libctru/lib/libctru.a(srv.o)
 .debug_aranges
                0x00000cc0       0xf0 /opt/devkitpro/libctru/lib/libctru.a(synchronization.o)
 .debug_aranges
                0x00000db0       0x60 /opt/devkitpro/libctru/lib/libctru.a(thread.o)
 .debug_aranges
                0x00000e10       0x38 /opt/devkitpro/libctru/lib/libctru.a(mappable.o)
 .debug_aranges
                0x00000e48       0xa0 /opt/devkitpro/libctru/lib/libctru.a(ptmsysm.o)
 .debug_aranges
                0x00000ee8       0x50 /opt/devkitpro/libctru/lib/libctru.a(srvpm.o)
 .debug_aranges
                0x00000f38       0x20 /opt/devkitpro/libctru/lib/libctru.a(rbtree_find.o)
 .debug_aranges
                0x00000f58       0x20 /opt/devkitpro/libctru/lib/libctru.a(rbtree_init.o)
 .debug_aranges
                0x00000f78       0x30 /opt/devkitpro/libctru/lib/libctru.a(rbtree_insert.o)
 .debug_aranges
                0x00000fa8       0x20 /opt/devkitpro/libctru/lib/libctru.a(rbtree_remove.o)
 .debug_aranges
                0x00000fc8       0x20 /opt/devkitpro/libctru/lib/libctru.a(rbtree_rotate.o)
 .debug_aranges
                0x00000fe8       0x20 /opt/devkitpro/libctru/lib/libctru.a(allocateHeaps.o)
 .debug_aranges
                0x00001008       0x20 /opt/devkitpro/libctru/lib/libctru.a(appExit.o)
 .debug_aranges
                0x00001028       0x20 /opt/devkitpro/libctru/lib/libctru.a(appInit.o)
 .debug_aranges
                0x00001048       0x20 /opt/devkitpro/libctru/lib/libctru.a(ctru_exit.o)
 .debug_aranges
                0x00001068      0x140 /opt/devkitpro/libctru/lib/libctru.a(archive_dev.o)
 .debug_aranges
                0x000011a8       0x18 /opt/devkitpro/libctru/lib/libctru.a(path_buf.o)
 .debug_aranges
                0x000011c0      0x3b8 /opt/devkitpro/libctru/lib/libctru.a(fs.o)
 .debug_aranges
                0x00001578       0x28 /opt/devkitpro/libctru/lib/libctru.a(rbtree_iterator.o)
 .debug_aranges
                0x000015a0       0x20 /opt/devkitpro/libctru/lib/libctru.a(decode_utf8.o)
 .debug_aranges
                0x000015c0       0x20 /opt/devkitpro/libctru/lib/libctru.a(utf16_to_utf8.o)
 .debug_aranges
                0x000015e0       0x20 /opt/devkitpro/libctru/lib/libctru.a(utf8_to_utf16.o)
 .debug_aranges
                0x00001600       0x20 /opt/devkitpro/libctru/lib/libctru.a(readtp.o)
 .debug_aranges
                0x00001620       0x20 /opt/devkitpro/libctru/lib/libctru.a(decode_utf16.o)
 .debug_aranges
                0x00001640       0x20 /opt/devkitpro/libctru/lib/libctru.a(encode_utf16.o)
 .debug_aranges
                0x00001660       0x20 /opt/devkitpro/libctru/lib/libctru.a(encode_utf8.o)

.debug_pubnames
 *(.debug_pubnames)

.debug_info     0x00000000    0x2f7ac
 *(.debug_info)
 .debug_info    0x00000000     0x23d3 main.o
 .debug_info    0x000023d3     0x21f3 /opt/devkitpro/libctru/lib/libctru.a(console.o)
 .debug_info    0x000045c6      0xd02 /opt/devkitpro/libctru/lib/libctru.a(gfx.o)
 .debug_info    0x000052c8     0x55ab /opt/devkitpro/libctru/lib/libctru.a(apt.o)
 .debug_info    0x0000a873     0x5bfc /opt/devkitpro/libctru/lib/libctru.a(gspgpu.o)
 .debug_info    0x0001046f     0x13d9 /opt/devkitpro/libctru/lib/libctru.a(hid.o)
 .debug_info    0x00011848      0xafc /opt/devkitpro/libctru/lib/libctru.a(irrst.o)
 .debug_info    0x00012344      0x185 /opt/devkitpro/libctru/lib/libctru.a(ctru_init.o)
 .debug_info    0x000124c9      0x2bc /opt/devkitpro/libctru/lib/libctru.a(initArgv.o)
 .debug_info    0x00012785     0x1765 /opt/devkitpro/libctru/lib/libctru.a(syscalls.o)
 .debug_info    0x00013eea       0x23 /opt/devkitpro/libctru/lib/libctru.a(svc.o)
 .debug_info    0x00013f0d       0x23 /opt/devkitpro/libctru/lib/libctru.a(stack_adjust.o)
 .debug_info    0x00013f30     0x114a /opt/devkitpro/libctru/lib/libctru.a(linear.o)
 .debug_info    0x0001507a      0xffc /opt/devkitpro/libctru/lib/libctru.a(mem_pool.o)
 .debug_info    0x00016076     0x1739 /opt/devkitpro/libctru/lib/libctru.a(vram.o)
 .debug_info    0x000177af      0xa42 /opt/devkitpro/libctru/lib/libctru.a(3dslink.o)
 .debug_info    0x000181f1      0x2a9 /opt/devkitpro/libctru/lib/libctru.a(env.o)
 .debug_info    0x0001849a      0x6cc /opt/devkitpro/libctru/lib/libctru.a(os.o)
 .debug_info    0x00018b66     0x1af2 /opt/devkitpro/libctru/lib/libctru.a(srv.o)
 .debug_info    0x0001a658     0x2956 /opt/devkitpro/libctru/lib/libctru.a(synchronization.o)
 .debug_info    0x0001cfae     0x1152 /opt/devkitpro/libctru/lib/libctru.a(thread.o)
 .debug_info    0x0001e100      0x36d /opt/devkitpro/libctru/lib/libctru.a(mappable.o)
 .debug_info    0x0001e46d      0xb13 /opt/devkitpro/libctru/lib/libctru.a(ptmsysm.o)
 .debug_info    0x0001ef80      0x872 /opt/devkitpro/libctru/lib/libctru.a(srvpm.o)
 .debug_info    0x0001f7f2      0x1e0 /opt/devkitpro/libctru/lib/libctru.a(rbtree_find.o)
 .debug_info    0x0001f9d2      0x17c /opt/devkitpro/libctru/lib/libctru.a(rbtree_init.o)
 .debug_info    0x0001fb4e      0x661 /opt/devkitpro/libctru/lib/libctru.a(rbtree_insert.o)
 .debug_info    0x000201af      0x992 /opt/devkitpro/libctru/lib/libctru.a(rbtree_remove.o)
 .debug_info    0x00020b41      0x358 /opt/devkitpro/libctru/lib/libctru.a(rbtree_rotate.o)
 .debug_info    0x00020e99      0x529 /opt/devkitpro/libctru/lib/libctru.a(allocateHeaps.o)
 .debug_info    0x000213c2      0x13d /opt/devkitpro/libctru/lib/libctru.a(appExit.o)
 .debug_info    0x000214ff      0x148 /opt/devkitpro/libctru/lib/libctru.a(appInit.o)
 .debug_info    0x00021647      0x2b7 /opt/devkitpro/libctru/lib/libctru.a(ctru_exit.o)
 .debug_info    0x000218fe     0x4272 /opt/devkitpro/libctru/lib/libctru.a(archive_dev.o)
 .debug_info    0x00025b70       0xd7 /opt/devkitpro/libctru/lib/libctru.a(path_buf.o)
 .debug_info    0x00025c47     0x8f48 /opt/devkitpro/libctru/lib/libctru.a(fs.o)
 .debug_info    0x0002eb8f      0x351 /opt/devkitpro/libctru/lib/libctru.a(rbtree_iterator.o)
 .debug_info    0x0002eee0      0x158 /opt/devkitpro/libctru/lib/libctru.a(decode_utf8.o)
 .debug_info    0x0002f038      0x205 /opt/devkitpro/libctru/lib/libctru.a(utf16_to_utf8.o)
 .debug_info    0x0002f23d      0x205 /opt/devkitpro/libctru/lib/libctru.a(utf8_to_utf16.o)
 .debug_info    0x0002f442       0x24 /opt/devkitpro/libctru/lib/libctru.a(readtp.o)
 .debug_info    0x0002f466      0x134 /opt/devkitpro/libctru/lib/libctru.a(decode_utf16.o)
 .debug_info    0x0002f59a      0x109 /opt/devkitpro/libctru/lib/libctru.a(encode_utf16.o)
 .debug_info    0x0002f6a3      0x109 /opt/devkitpro/libctru/lib/libctru.a(encode_utf8.o)

.debug_abbrev   0x00000000     0x7482
 *(.debug_abbrev)
 .debug_abbrev  0x00000000      0x50b main.o
 .debug_abbrev  0x0000050b      0x5f1 /opt/devkitpro/libctru/lib/libctru.a(console.o)
 .debug_abbrev  0x00000afc      0x389 /opt/devkitpro/libctru/lib/libctru.a(gfx.o)
 .debug_abbrev  0x00000e85      0x763 /opt/devkitpro/libctru/lib/libctru.a(apt.o)
 .debug_abbrev  0x000015e8      0x640 /opt/devkitpro/libctru/lib/libctru.a(gspgpu.o)
 .debug_abbrev  0x00001c28      0x516 /opt/devkitpro/libctru/lib/libctru.a(hid.o)
 .debug_abbrev  0x0000213e      0x38b /opt/devkitpro/libctru/lib/libctru.a(irrst.o)
 .debug_abbrev  0x000024c9      0x129 /opt/devkitpro/libctru/lib/libctru.a(ctru_init.o)
 .debug_abbrev  0x000025f2      0x198 /opt/devkitpro/libctru/lib/libctru.a(initArgv.o)
 .debug_abbrev  0x0000278a      0x4f5 /opt/devkitpro/libctru/lib/libctru.a(syscalls.o)
 .debug_abbrev  0x00002c7f       0x12 /opt/devkitpro/libctru/lib/libctru.a(svc.o)
 .debug_abbrev  0x00002c91       0x12 /opt/devkitpro/libctru/lib/libctru.a(stack_adjust.o)
 .debug_abbrev  0x00002ca3      0x438 /opt/devkitpro/libctru/lib/libctru.a(linear.o)
 .debug_abbrev  0x000030db      0x39e /opt/devkitpro/libctru/lib/libctru.a(mem_pool.o)
 .debug_abbrev  0x00003479      0x484 /opt/devkitpro/libctru/lib/libctru.a(vram.o)
 .debug_abbrev  0x000038fd      0x259 /opt/devkitpro/libctru/lib/libctru.a(3dslink.o)
 .debug_abbrev  0x00003b56      0x1bf /opt/devkitpro/libctru/lib/libctru.a(env.o)
 .debug_abbrev  0x00003d15      0x2b2 /opt/devkitpro/libctru/lib/libctru.a(os.o)
 .debug_abbrev  0x00003fc7      0x514 /opt/devkitpro/libctru/lib/libctru.a(srv.o)
 .debug_abbrev  0x000044db      0x4f2 /opt/devkitpro/libctru/lib/libctru.a(synchronization.o)
 .debug_abbrev  0x000049cd      0x495 /opt/devkitpro/libctru/lib/libctru.a(thread.o)
 .debug_abbrev  0x00004e62      0x1d3 /opt/devkitpro/libctru/lib/libctru.a(mappable.o)
 .debug_abbrev  0x00005035      0x263 /opt/devkitpro/libctru/lib/libctru.a(ptmsysm.o)
 .debug_abbrev  0x00005298      0x2f1 /opt/devkitpro/libctru/lib/libctru.a(srvpm.o)
 .debug_abbrev  0x00005589      0x107 /opt/devkitpro/libctru/lib/libctru.a(rbtree_find.o)
 .debug_abbrev  0x00005690       0xc1 /opt/devkitpro/libctru/lib/libctru.a(rbtree_init.o)
 .debug_abbrev  0x00005751      0x228 /opt/devkitpro/libctru/lib/libctru.a(rbtree_insert.o)
 .debug_abbrev  0x00005979      0x275 /opt/devkitpro/libctru/lib/libctru.a(rbtree_remove.o)
 .debug_abbrev  0x00005bee      0x1bc /opt/devkitpro/libctru/lib/libctru.a(rbtree_rotate.o)
 .debug_abbrev  0x00005daa      0x193 /opt/devkitpro/libctru/lib/libctru.a(allocateHeaps.o)
 .debug_abbrev  0x00005f3d       0x9e /opt/devkitpro/libctru/lib/libctru.a(appExit.o)
 .debug_abbrev  0x00005fdb       0x93 /opt/devkitpro/libctru/lib/libctru.a(appInit.o)
 .debug_abbrev  0x0000606e      0x15a /opt/devkitpro/libctru/lib/libctru.a(ctru_exit.o)
 .debug_abbrev  0x000061c8      0x656 /opt/devkitpro/libctru/lib/libctru.a(archive_dev.o)
 .debug_abbrev  0x0000681e       0x6f /opt/devkitpro/libctru/lib/libctru.a(path_buf.o)
 .debug_abbrev  0x0000688d      0x625 /opt/devkitpro/libctru/lib/libctru.a(fs.o)
 .debug_abbrev  0x00006eb2      0x1a6 /opt/devkitpro/libctru/lib/libctru.a(rbtree_iterator.o)
 .debug_abbrev  0x00007058       0x93 /opt/devkitpro/libctru/lib/libctru.a(decode_utf8.o)
 .debug_abbrev  0x000070eb      0x104 /opt/devkitpro/libctru/lib/libctru.a(utf16_to_utf8.o)
 .debug_abbrev  0x000071ef      0x104 /opt/devkitpro/libctru/lib/libctru.a(utf8_to_utf16.o)
 .debug_abbrev  0x000072f3       0x14 /opt/devkitpro/libctru/lib/libctru.a(readtp.o)
 .debug_abbrev  0x00007307       0x93 /opt/devkitpro/libctru/lib/libctru.a(decode_utf16.o)
 .debug_abbrev  0x0000739a       0x74 /opt/devkitpro/libctru/lib/libctru.a(encode_utf16.o)
 .debug_abbrev  0x0000740e       0x74 /opt/devkitpro/libctru/lib/libctru.a(encode_utf8.o)

.debug_line     0x00000000    0x1ddcc
 *(.debug_line)
 .debug_line    0x00000000      0x4ef main.o
 .debug_line    0x000004ef     0x14b5 /opt/devkitpro/libctru/lib/libctru.a(console.o)
 .debug_line    0x000019a4      0x917 /opt/devkitpro/libctru/lib/libctru.a(gfx.o)
 .debug_line    0x000022bb     0x38a6 /opt/devkitpro/libctru/lib/libctru.a(apt.o)
 .debug_line    0x00005b61     0x3505 /opt/devkitpro/libctru/lib/libctru.a(gspgpu.o)